Component: ARM Compiler 5.05 update 2 (build 169) Tool: armlink [4d0f33]

==============================================================================

Section Cross References

    startup_stm32f10x_md.o(RESET) refers to startup_stm32f10x_md.o(STACK) for __initial_sp
    startup_stm32f10x_md.o(RESET) refers to startup_stm32f10x_md.o(.text) for Reset_Handler
    startup_stm32f10x_md.o(RESET) refers to stm32f10x_it.o(i.NMI_Handler) for NMI_Handler
    startup_stm32f10x_md.o(RESET) refers to stm32f10x_it.o(i.HardFault_Handler) for HardFault_Handler
    startup_stm32f10x_md.o(RESET) refers to stm32f10x_it.o(i.MemManage_Handler) for MemManage_Handler
    startup_stm32f10x_md.o(RESET) refers to stm32f10x_it.o(i.BusFault_Handler) for BusFault_Handler
    startup_stm32f10x_md.o(RESET) refers to stm32f10x_it.o(i.UsageFault_Handler) for UsageFault_Handler
    startup_stm32f10x_md.o(RESET) refers to stm32f10x_it.o(i.SVC_Handler) for SVC_Handler
    startup_stm32f10x_md.o(RESET) refers to stm32f10x_it.o(i.DebugMon_Handler) for DebugMon_Handler
    startup_stm32f10x_md.o(RESET) refers to stm32f10x_it.o(i.PendSV_Handler) for PendSV_Handler
    startup_stm32f10x_md.o(RESET) refers to stm32f10x_it.o(i.SysTick_Handler) for SysTick_Handler
    startup_stm32f10x_md.o(RESET) refers to key.o(i.EXTI4_IRQHandler) for EXTI4_IRQHandler
    startup_stm32f10x_md.o(RESET) refers to adc.o(i.DMA1_Channel1_IRQHandler) for DMA1_Channel1_IRQHandler
    startup_stm32f10x_md.o(RESET) refers to key.o(i.EXTI9_5_IRQHandler) for EXTI9_5_IRQHandler
    startup_stm32f10x_md.o(RESET) refers to freq.o(i.TIM3_IRQHandler) for TIM3_IRQHandler
    startup_stm32f10x_md.o(RESET) refers to key.o(i.EXTI15_10_IRQHandler) for EXTI15_10_IRQHandler
    startup_stm32f10x_md.o(.text) refers to system_stm32f10x.o(i.SystemInit) for SystemInit
    startup_stm32f10x_md.o(.text) refers to entry.o(.ARM.Collect$$$$00000000) for __main
    system_stm32f10x.o(i.SetSysClock) refers to system_stm32f10x.o(i.SetSysClockTo72) for SetSysClockTo72
    system_stm32f10x.o(i.SystemCoreClockUpdate) refers to system_stm32f10x.o(.data) for SystemCoreClock
    system_stm32f10x.o(i.SystemInit) refers to system_stm32f10x.o(i.SetSysClock) for SetSysClock
    stm32f10x_adc.o(i.ADC_DeInit) refers to stm32f10x_rcc.o(i.RCC_APB2PeriphResetCmd) for RCC_APB2PeriphResetCmd
    stm32f10x_bkp.o(i.BKP_DeInit) refers to stm32f10x_rcc.o(i.RCC_BackupResetCmd) for RCC_BackupResetCmd
    stm32f10x_can.o(i.CAN_DeInit) refers to stm32f10x_rcc.o(i.RCC_APB1PeriphResetCmd) for RCC_APB1PeriphResetCmd
    stm32f10x_can.o(i.CAN_GetITStatus) refers to stm32f10x_can.o(i.CheckITStatus) for CheckITStatus
    stm32f10x_cec.o(i.CEC_DeInit) refers to stm32f10x_rcc.o(i.RCC_APB1PeriphResetCmd) for RCC_APB1PeriphResetCmd
    stm32f10x_dac.o(i.DAC_DeInit) refers to stm32f10x_rcc.o(i.RCC_APB1PeriphResetCmd) for RCC_APB1PeriphResetCmd
    stm32f10x_flash.o(i.FLASH_EnableWriteProtection) refers to stm32f10x_flash.o(i.FLASH_WaitForLastOperation) for FLASH_WaitForLastOperation
    stm32f10x_flash.o(i.FLASH_EraseAllBank1Pages) refers to stm32f10x_flash.o(i.FLASH_WaitForLastBank1Operation) for FLASH_WaitForLastBank1Operation
    stm32f10x_flash.o(i.FLASH_EraseAllPages) refers to stm32f10x_flash.o(i.FLASH_WaitForLastOperation) for FLASH_WaitForLastOperation
    stm32f10x_flash.o(i.FLASH_EraseOptionBytes) refers to stm32f10x_flash.o(i.FLASH_GetReadOutProtectionStatus) for FLASH_GetReadOutProtectionStatus
    stm32f10x_flash.o(i.FLASH_EraseOptionBytes) refers to stm32f10x_flash.o(i.FLASH_WaitForLastOperation) for FLASH_WaitForLastOperation
    stm32f10x_flash.o(i.FLASH_ErasePage) refers to stm32f10x_flash.o(i.FLASH_WaitForLastOperation) for FLASH_WaitForLastOperation
    stm32f10x_flash.o(i.FLASH_ProgramHalfWord) refers to stm32f10x_flash.o(i.FLASH_WaitForLastOperation) for FLASH_WaitForLastOperation
    stm32f10x_flash.o(i.FLASH_ProgramOptionByteData) refers to stm32f10x_flash.o(i.FLASH_WaitForLastOperation) for FLASH_WaitForLastOperation
    stm32f10x_flash.o(i.FLASH_ProgramWord) refers to stm32f10x_flash.o(i.FLASH_WaitForLastOperation) for FLASH_WaitForLastOperation
    stm32f10x_flash.o(i.FLASH_ReadOutProtection) refers to stm32f10x_flash.o(i.FLASH_WaitForLastOperation) for FLASH_WaitForLastOperation
    stm32f10x_flash.o(i.FLASH_UserOptionByteConfig) refers to stm32f10x_flash.o(i.FLASH_WaitForLastOperation) for FLASH_WaitForLastOperation
    stm32f10x_flash.o(i.FLASH_WaitForLastBank1Operation) refers to stm32f10x_flash.o(i.FLASH_GetBank1Status) for FLASH_GetBank1Status
    stm32f10x_flash.o(i.FLASH_WaitForLastOperation) refers to stm32f10x_flash.o(i.FLASH_GetBank1Status) for FLASH_GetBank1Status
    stm32f10x_gpio.o(i.GPIO_AFIODeInit) refers to stm32f10x_rcc.o(i.RCC_APB2PeriphResetCmd) for RCC_APB2PeriphResetCmd
    stm32f10x_gpio.o(i.GPIO_DeInit) refers to stm32f10x_rcc.o(i.RCC_APB2PeriphResetCmd) for RCC_APB2PeriphResetCmd
[...]
    Removing stm32f10x_pwr.o(i.PWR_EnterSTANDBYMode), (52 bytes).
    Removing stm32f10x_pwr.o(i.PWR_EnterSTOPMode), (64 bytes).
    Removing stm32f10x_pwr.o(i.PWR_GetFlagStatus), (24 bytes).
    Removing stm32f10x_pwr.o(i.PWR_PVDCmd), (12 bytes).
    Removing stm32f10x_pwr.o(i.PWR_PVDLevelConfig), (24 bytes).
    Removing stm32f10x_pwr.o(i.PWR_WakeUpPinCmd), (12 bytes).
    Removing stm32f10x_rcc.o(i.RCC_APB1PeriphResetCmd), (32 bytes).
    Removing stm32f10x_rcc.o(i.RCC_APB2PeriphResetCmd), (32 bytes).
    Removing stm32f10x_rcc.o(i.RCC_AdjustHSICalibrationValue), (24 bytes).
    Removing stm32f10x_rcc.o(i.RCC_BackupResetCmd), (12 bytes).
    Removing stm32f10x_rcc.o(i.RCC_ClearFlag), (20 bytes).
    Removing stm32f10x_rcc.o(i.RCC_ClearITPendingBit), (12 bytes).
    Removing stm32f10x_rcc.o(i.RCC_ClockSecuritySystemCmd), (12 bytes).
    Removing stm32f10x_rcc.o(i.RCC_DeInit), (76 bytes).
    Removing stm32f10x_rcc.o(i.RCC_GetClocksFreq), (212 bytes).
    Removing stm32f10x_rcc.o(i.RCC_GetFlagStatus), (60 bytes).
    Removing stm32f10x_rcc.o(i.RCC_GetITStatus), (24 bytes).
    Removing stm32f10x_rcc.o(i.RCC_GetSYSCLKSource), (16 bytes).
    Removing stm32f10x_rcc.o(i.RCC_HCLKConfig), (24 bytes).
    Removing stm32f10x_rcc.o(i.RCC_HSEConfig), (76 bytes).
    Removing stm32f10x_rcc.o(i.RCC_HSICmd), (12 bytes).
    Removing stm32f10x_rcc.o(i.RCC_ITConfig), (32 bytes).
    Removing stm32f10x_rcc.o(i.RCC_LSEConfig), (52 bytes).
    Removing stm32f10x_rcc.o(i.RCC_LSICmd), (12 bytes).
    Removing stm32f10x_rcc.o(i.RCC_MCOConfig), (12 bytes).
    Removing stm32f10x_rcc.o(i.RCC_PCLK1Config), (24 bytes).
    Removing stm32f10x_rcc.o(i.RCC_PCLK2Config), (24 bytes).
    Removing stm32f10x_rcc.o(i.RCC_PLLCmd), (12 bytes).
    Removing stm32f10x_rcc.o(i.RCC_PLLConfig), (28 bytes).
    Removing stm32f10x_rcc.o(i.RCC_RTCCLKCmd), (12 bytes).
    Removing stm32f10x_rcc.o(i.RCC_RTCCLKConfig), (16 bytes).
    Removing stm32f10x_rcc.o(i.RCC_SYSCLKConfig), (24 bytes).
    Removing stm32f10x_rcc.o(i.RCC_USBCLKConfig), (12 bytes).
    Removing stm32f10x_rcc.o(i.RCC_WaitForHSEStartUp), (56 bytes).
    Removing stm32f10x_rcc.o(.data), (20 bytes).
    Removing stm32f10x_rtc.o(i.RTC_ClearFlag), (16 bytes).
    Removing stm32f10x_rtc.o(i.RTC_ClearITPendingBit), (16 bytes).
    Removing stm32f10x_rtc.o(i.RTC_EnterConfigMode), (20 bytes).
    Removing stm32f10x_rtc.o(i.RTC_ExitConfigMode), (20 bytes).
    Removing stm32f10x_rtc.o(i.RTC_GetCounter), (20 bytes).
    Removing stm32f10x_rtc.o(i.RTC_GetDivider), (24 bytes).
    Removing stm32f10x_rtc.o(i.RTC_GetFlagStatus), (24 bytes).
    Removing stm32f10x_rtc.o(i.RTC_GetITStatus), (36 bytes).
    Removing stm32f10x_rtc.o(i.RTC_ITConfig), (32 bytes).
    Removing stm32f10x_rtc.o(i.RTC_SetAlarm), (28 bytes).
    Removing stm32f10x_rtc.o(i.RTC_SetCounter), (28 bytes).
    Removing stm32f10x_rtc.o(i.RTC_SetPrescaler), (32 bytes).
    Removing stm32f10x_rtc.o(i.RTC_WaitForLastTask), (20 bytes).
    Removing stm32f10x_rtc.o(i.RTC_WaitForSynchro), (36 bytes).
    Removing stm32f10x_sdio.o(i.SDIO_CEATAITCmd), (16 bytes).
    Removing stm32f10x_sdio.o(i.SDIO_ClearFlag), (12 bytes).
    Removing stm32f10x_sdio.o(i.SDIO_ClearITPendingBit), (12 bytes).
    Removing stm32f10x_sdio.o(i.SDIO_ClockCmd), (12 bytes).
    Removing stm32f10x_sdio.o(i.SDIO_CmdStructInit), (14 bytes).
    Removing stm32f10x_sdio.o(i.SDIO_CommandCompletionCmd), (12 bytes).
    Removing stm32f10x_sdio.o(i.SDIO_DMACmd), (12 bytes).
    Removing stm32f10x_sdio.o(i.SDIO_DataConfig), (48 bytes).
    Removing stm32f10x_sdio.o(i.SDIO_DataStructInit), (20 bytes).
    Removing stm32f10x_sdio.o(i.SDIO_DeInit), (36 bytes).
    Removing stm32f10x_sdio.o(i.SDIO_GetCommandResponse), (12 bytes).
    Removing stm32f10x_sdio.o(i.SDIO_GetDataCounter), (12 bytes).
    Removing stm32f10x_sdio.o(i.SDIO_GetFIFOCount), (12 bytes).
    Removing stm32f10x_sdio.o(i.SDIO_GetFlagStatus), (24 bytes).
    Removing stm32f10x_sdio.o(i.SDIO_GetITStatus), (24 bytes).
    Removing stm32f10x_sdio.o(i.SDIO_GetPowerState), (16 bytes).
    Removing stm32f10x_sdio.o(i.SDIO_GetResponse), (24 bytes).
    Removing stm32f10x_sdio.o(i.SDIO_ITConfig), (32 bytes).
    Removing stm32f10x_sdio.o(i.SDIO_Init), (48 bytes).
    Removing stm32f10x_sdio.o(i.SDIO_ReadData), (12 bytes).
    Removing stm32f10x_sdio.o(i.SDIO_SendCEATACmd), (12 bytes).
    Removing stm32f10x_sdio.o(i.SDIO_SendCommand), (44 bytes).
    Removing stm32f10x_sdio.o(i.SDIO_SendSDIOSuspendCmd), (12 bytes).
    Removing stm32f10x_sdio.o(i.SDIO_SetPowerState), (28 bytes).
    Removing stm32f10x_sdio.o(i.SDIO_SetSDIOOperation), (12 bytes).
    Removing stm32f10x_sdio.o(i.SDIO_SetSDIOReadWaitMode), (12 bytes).
    Removing stm32f10x_sdio.o(i.SDIO_StartSDIOReadWait), (12 bytes).
    Removing stm32f10x_sdio.o(i.SDIO_StopSDIOReadWait), (12 bytes).
    Removing stm32f10x_sdio.o(i.SDIO_StructInit), (16 bytes).
    Removing stm32f10x_sdio.o(i.SDIO_WriteData), (12 bytes).
    Removing stm32f10x_spi.o(i.I2S_Cmd), (24 bytes).
    Removing stm32f10x_spi.o(i.I2S_Init), (232 bytes).
    Removing stm32f10x_spi.o(i.I2S_StructInit), (20 bytes).
    Removing stm32f10x_spi.o(i.SPI_BiDirectionalLineConfig), (28 bytes).
    Removing stm32f10x_spi.o(i.SPI_CalculateCRC), (24 bytes).
    Removing stm32f10x_spi.o(i.SPI_DataSizeConfig), (18 bytes).
    Removing stm32f10x_spi.o(i.SPI_GetCRC), (16 bytes).
    Removing stm32f10x_spi.o(i.SPI_GetCRCPolynomial), (6 bytes).
    Removing stm32f10x_spi.o(i.SPI_I2S_ClearFlag), (6 bytes).
    Removing stm32f10x_spi.o(i.SPI_I2S_ClearITPendingBit), (20 bytes).
    Removing stm32f10x_spi.o(i.SPI_I2S_DMACmd), (18 bytes).
    Removing stm32f10x_spi.o(i.SPI_I2S_DeInit), (88 bytes).
    Removing stm32f10x_spi.o(i.SPI_I2S_GetITStatus), (52 bytes).
    Removing stm32f10x_spi.o(i.SPI_I2S_ITConfig), (32 bytes).
    Removing stm32f10x_spi.o(i.SPI_I2S_ReceiveData), (6 bytes).
    Removing stm32f10x_spi.o(i.SPI_I2S_SendData), (4 bytes).
    Removing stm32f10x_spi.o(i.SPI_NSSInternalSoftwareConfig), (30 bytes).
    Removing stm32f10x_spi.o(i.SPI_SSOutputCmd), (24 bytes).
    Removing stm32f10x_spi.o(i.SPI_StructInit), (24 bytes).
    Removing stm32f10x_spi.o(i.SPI_TransmitCRC), (10 bytes).
    Removing stm32f10x_tim.o(i.TIM_ARRPreloadConfig), (24 bytes).
    Removing stm32f10x_tim.o(i.TIM_BDTRConfig), (32 bytes).
    Removing stm32f10x_tim.o(i.TIM_BDTRStructInit), (18 bytes).
    Removing stm32f10x_tim.o(i.TIM_CCPreloadControl), (24 bytes).
    Removing stm32f10x_tim.o(i.TIM_CCxCmd), (30 bytes).
    Removing stm32f10x_tim.o(i.TIM_CCxNCmd), (30 bytes).
    Removing stm32f10x_tim.o(i.TIM_ClearOC1Ref), (18 bytes).
    Removing stm32f10x_tim.o(i.TIM_ClearOC2Ref), (24 bytes).
    Removing stm32f10x_tim.o(i.TIM_ClearOC3Ref), (18 bytes).
    Removing stm32f10x_tim.o(i.TIM_ClearOC4Ref), (24 bytes).
    Removing stm32f10x_tim.o(i.TIM_CounterModeConfig), (18 bytes).
    Removing stm32f10x_tim.o(i.TIM_CtrlPWMOutputs), (30 bytes).
    Removing stm32f10x_tim.o(i.TIM_DMACmd), (18 bytes).
    Removing stm32f10x_tim.o(i.TIM_DMAConfig), (10 bytes).
    Removing stm32f10x_tim.o(i.TIM_DeInit), (488 bytes).
    Removing stm32f10x_tim.o(i.TIM_ETRClockMode1Config), (54 bytes).
    Removing stm32f10x_tim.o(i.TIM_ETRClockMode2Config), (32 bytes).
    Removing stm32f10x_tim.o(i.TIM_ETRConfig), (28 bytes).
    Removing stm32f10x_tim.o(i.TIM_EncoderInterfaceConfig), (66 bytes).
    Removing stm32f10x_tim.o(i.TIM_ForcedOC1Config), (18 bytes).
    Removing stm32f10x_tim.o(i.TIM_ForcedOC2Config), (26 bytes).
    Removing stm32f10x_tim.o(i.TIM_ForcedOC3Config), (18 bytes).
    Removing stm32f10x_tim.o(i.TIM_ForcedOC4Config), (26 bytes).
    Removing stm32f10x_tim.o(i.TIM_GenerateEvent), (4 bytes).
    Removing stm32f10x_tim.o(i.TIM_GetCapture2), (6 bytes).
    Removing stm32f10x_tim.o(i.TIM_GetCapture3), (6 bytes).
    Removing stm32f10x_tim.o(i.TIM_GetCapture4), (8 bytes).
    Removing stm32f10x_tim.o(i.TIM_GetCounter), (6 bytes).
    Removing stm32f10x_tim.o(i.TIM_GetFlagStatus), (18 bytes).
    Removing stm32f10x_tim.o(i.TIM_GetPrescaler), (6 bytes).
    Removing stm32f10x_tim.o(i.TIM_ICStructInit), (18 bytes).
    Removing stm32f10x_tim.o(i.TIM_ITRxExternalClockConfig), (24 bytes).
    Removing stm32f10x_tim.o(i.TIM_InternalClockConfig), (12 bytes).
    Removing stm32f10x_tim.o(i.TIM_OC1FastConfig), (18 bytes).
    Removing stm32f10x_tim.o(i.TIM_OC1Init), (152 bytes).
    Removing stm32f10x_tim.o(i.TIM_OC1NPolarityConfig), (18 bytes).
    Removing stm32f10x_tim.o(i.TIM_OC1PolarityConfig), (18 bytes).
    Removing stm32f10x_tim.o(i.TIM_OC1PreloadConfig), (18 bytes).
    Removing stm32f10x_tim.o(i.TIM_OC2FastConfig), (26 bytes).
    Removing stm32f10x_tim.o(i.TIM_OC2Init), (164 bytes).
    Removing stm32f10x_tim.o(i.TIM_OC2NPolarityConfig), (26 bytes).
    Removing stm32f10x_tim.o(i.TIM_OC2PolarityConfig), (26 bytes).
    Removing stm32f10x_tim.o(i.TIM_OC2PreloadConfig), (26 bytes).
    Removing stm32f10x_tim.o(i.TIM_OC3FastConfig), (18 bytes).
    Removing stm32f10x_tim.o(i.TIM_OC3NPolarityConfig), (26 bytes).
    Removing stm32f10x_tim.o(i.TIM_OC3PolarityConfig), (26 bytes).
    Removing stm32f10x_tim.o(i.TIM_OC4FastConfig), (26 bytes).
    Removing stm32f10x_tim.o(i.TIM_OC4Init), (124 bytes).
    Removing stm32f10x_tim.o(i.TIM_OC4PolarityConfig), (26 bytes).
    Removing stm32f10x_tim.o(i.TIM_OC4PreloadConfig), (26 bytes).
    Removing stm32f10x_tim.o(i.TIM_OCStructInit), (20 bytes).
    Removing stm32f10x_tim.o(i.TIM_PWMIConfig), (124 bytes).
    Removing stm32f10x_tim.o(i.TIM_PrescalerConfig), (6 bytes).
    Removing stm32f10x_tim.o(i.TIM_SelectCCDMA), (24 bytes).
    Removing stm32f10x_tim.o(i.TIM_SelectCOM), (24 bytes).
    Removing stm32f10x_tim.o(i.TIM_SelectHallSensor), (24 bytes).
    Removing stm32f10x_tim.o(i.TIM_SelectInputTrigger), (18 bytes).
    Removing stm32f10x_tim.o(i.TIM_SelectMasterSlaveMode), (18 bytes).
    Removing stm32f10x_tim.o(i.TIM_SelectOCxM), (82 bytes).
    Removing stm32f10x_tim.o(i.TIM_SelectOnePulseMode), (18 bytes).
    Removing stm32f10x_tim.o(i.TIM_SelectOutputTrigger), (18 bytes).
    Removing stm32f10x_tim.o(i.TIM_SelectSlaveMode), (18 bytes).
    Removing stm32f10x_tim.o(i.TIM_SetClockDivision), (18 bytes).
    Removing stm32f10x_tim.o(i.TIM_SetCompare1), (4 bytes).
    Removing stm32f10x_tim.o(i.TIM_SetCompare2), (4 bytes).
    Removing stm32f10x_tim.o(i.TIM_SetCompare4), (6 bytes).
    Removing stm32f10x_tim.o(i.TIM_TIxExternalClockConfig), (62 bytes).
    Removing stm32f10x_tim.o(i.TIM_TimeBaseStructInit), (18 bytes).
    Removing stm32f10x_tim.o(i.TIM_UpdateDisableConfig), (24 bytes).
    Removing stm32f10x_tim.o(i.TIM_UpdateRequestConfig), (24 bytes).
    Removing stm32f10x_usart.o(i.USART_ClearFlag), (18 bytes).
    Removing stm32f10x_usart.o(i.USART_ClearITPendingBit), (30 bytes).
    Removing stm32f10x_usart.o(i.USART_ClockInit), (34 bytes).
    Removing stm32f10x_usart.o(i.USART_ClockStructInit), (12 bytes).
    Removing stm32f10x_usart.o(i.USART_Cmd), (24 bytes).
    Removing stm32f10x_usart.o(i.USART_DMACmd), (18 bytes).
    Removing stm32f10x_usart.o(i.USART_DeInit), (156 bytes).
    Removing stm32f10x_usart.o(i.USART_GetFlagStatus), (26 bytes).
    Removing stm32f10x_usart.o(i.USART_GetITStatus), (84 bytes).
    Removing stm32f10x_usart.o(i.USART_HalfDuplexCmd), (24 bytes).
    Removing stm32f10x_usart.o(i.USART_ITConfig), (74 bytes).
    Removing stm32f10x_usart.o(i.USART_Init), (216 bytes).
    Removing stm32f10x_usart.o(i.USART_IrDACmd), (24 bytes).
    Removing stm32f10x_usart.o(i.USART_IrDAConfig), (18 bytes).
    Removing stm32f10x_usart.o(i.USART_LINBreakDetectLengthConfig), (18 bytes).
    Removing stm32f10x_usart.o(i.USART_LINCmd), (24 bytes).
    Removing stm32f10x_usart.o(i.USART_OneBitMethodCmd), (24 bytes).
    Removing stm32f10x_usart.o(i.USART_OverSampling8Cmd), (22 bytes).
    Removing stm32f10x_usart.o(i.USART_ReceiveData), (10 bytes).
    Removing stm32f10x_usart.o(i.USART_ReceiverWakeUpCmd), (24 bytes).
    Removing stm32f10x_usart.o(i.USART_SendBreak), (10 bytes).
    Removing stm32f10x_usart.o(i.USART_SendData), (8 bytes).
    Removing stm32f10x_usart.o(i.USART_SetAddress), (18 bytes).
    Removing stm32f10x_usart.o(i.USART_SetGuardTime), (16 bytes).
    Removing stm32f10x_usart.o(i.USART_SetPrescaler), (16 bytes).
    Removing stm32f10x_usart.o(i.USART_SmartCardCmd), (24 bytes).
    Removing stm32f10x_usart.o(i.USART_SmartCardNACKCmd), (24 bytes).
    Removing stm32f10x_usart.o(i.USART_StructInit), (24 bytes).
    Removing stm32f10x_usart.o(i.USART_WakeUpConfig), (18 bytes).
    Removing stm32f10x_wwdg.o(i.WWDG_ClearFlag), (12 bytes).
    Removing stm32f10x_wwdg.o(i.WWDG_DeInit), (22 bytes).
    Removing stm32f10x_wwdg.o(i.WWDG_Enable), (16 bytes).
    Removing stm32f10x_wwdg.o(i.WWDG_EnableIT), (12 bytes).
    Removing stm32f10x_wwdg.o(i.WWDG_GetFlagStatus), (12 bytes).
    Removing stm32f10x_wwdg.o(i.WWDG_SetCounter), (16 bytes).
    Removing stm32f10x_wwdg.o(i.WWDG_SetPrescaler), (24 bytes).
    Removing stm32f10x_wwdg.o(i.WWDG_SetWindowValue), (40 bytes).
    Removing tft.o(i.Draw_Circle), (166 bytes).
    Removing tft.o(i.TFT_DrawRectangle), (74 bytes).
    Removing led.o(i.Open_LED), (48 bytes).
    Removing delay.o(i.delay_us), (54 bytes).
    Removing systick.o(i.Delay_us), (40 bytes).
    Removing systick.o(i.SysTick_Delay_Ms), (72 bytes).
    Removing systick.o(i.SysTick_Delay_Us), (72 bytes).
    Removing systick.o(i.TimingDelay_Decrement), (24 bytes).
    Removing systick.o(.data), (4 bytes).

431 unused section(s) (total 17212 bytes) removed from the image.

==============================================================================

Image Symbol Table

    Local Symbols

    Symbol Name                              Value     Ov Type        Size  Object(Section)

    ../clib/microlib/division.c              0x00000000   Number         0  uldiv.o ABSOLUTE
    ../clib/microlib/division.c              0x00000000   Number         0  uidiv.o ABSOLUTE
    ../clib/microlib/init/entry.s            0x00000000   Number         0  entry7b.o ABSOLUTE
    ../clib/microlib/init/entry.s            0x00000000   Number         0  entry2.o ABSOLUTE
    ../clib/microlib/init/entry.s            0x00000000   Number         0  entry5.o ABSOLUTE
    ../clib/microlib/init/entry.s            0x00000000   Number         0  entry7a.o ABSOLUTE
    ../clib/microlib/init/entry.s            0x00000000   Number         0  entry8a.o ABSOLUTE
    ../clib/microlib/init/entry.s            0x00000000   Number         0  entry8b.o ABSOLUTE
    ../clib/microlib/init/entry.s            0x00000000   Number         0  entry9a.o ABSOLUTE
    ../clib/microlib/init/entry.s            0x00000000   Number         0  entry9b.o ABSOLUTE
    ../clib/microlib/init/entry.s            0x00000000   Number         0  entry10a.o ABSOLUTE
    ../clib/microlib/init/entry.s            0x00000000   Number         0  entry.o ABSOLUTE
    ../clib/microlib/init/entry.s            0x00000000   Number         0  entry10b.o ABSOLUTE
    ../clib/microlib/init/entry.s            0x00000000   Number         0  entry11a.o ABSOLUTE
    ../clib/microlib/init/entry.s            0x00000000   Number         0  entry11b.o ABSOLUTE
    ../clib/microlib/longlong.c              0x00000000   Number         0  llushr.o ABSOLUTE
    ../clib/microlib/longlong.c              0x00000000   Number         0  llsshr.o ABSOLUTE
    ../clib/microlib/longlong.c              0x00000000   Number         0  llshl.o ABSOLUTE
    ../clib/microlib/printf/printf.c         0x00000000   Number         0  printf6.o ABSOLUTE
    ../clib/microlib/printf/printf.c         0x00000000   Number         0  printf5.o ABSOLUTE
    ../clib/microlib/printf/printf.c         0x00000000   Number         0  printfb.o ABSOLUTE
    ../clib/microlib/printf/printf.c         0x00000000   Number         0  printf0.o ABSOLUTE
    ../clib/microlib/printf/printf.c         0x00000000   Number         0  printf1.o ABSOLUTE
    ../clib/microlib/printf/printf.c         0x00000000   Number         0  printf2.o ABSOLUTE
    ../clib/microlib/printf/printf.c         0x00000000   Number         0  printf3.o ABSOLUTE
    ../clib/microlib/printf/printf.c         0x00000000   Number         0  printf4.o ABSOLUTE
    ../clib/microlib/printf/printf.c         0x00000000   Number         0  printfa.o ABSOLUTE
    ../clib/microlib/printf/printf.c         0x00000000   Number         0  printf8.o ABSOLUTE
    ../clib/microlib/printf/printf.c         0x00000000   Number         0  printf7.o ABSOLUTE
    ../clib/microlib/printf/stubs.s          0x00000000   Number         0  stubs.o ABSOLUTE
    ../clib/microlib/stdio/fputc.c           0x00000000   Number         0  fputc.o ABSOLUTE
    ../clib/microlib/stdio/semi.s            0x00000000   Number         0  semi.o ABSOLUTE
    ../clib/microlib/stdio/streams.c         0x00000000   Number         0  stdout.o ABSOLUTE
    ../clib/microlib/string/memset.c         0x00000000   Number         0  memseta.o ABSOLUTE
    ../clib/microlib/stubs.s                 0x00000000   Number         0  iusesemip.o ABSOLUTE
    ../clib/microlib/stubs.s                 0x00000000   Number         0  iusefp.o ABSOLUTE
    ../fplib/microlib/d2f.c                  0x00000000   Number         0  d2f.o ABSOLUTE
    ../fplib/microlib/f2d.c                  0x00000000   Number         0  f2d.o ABSOLUTE
    ../fplib/microlib/fpadd.c                0x00000000   Number         0  dadd.o ABSOLUTE
    ../fplib/microlib/fpadd.c                0x00000000   Number         0  fadd.o ABSOLUTE
    ../fplib/microlib/fpdiv.c                0x00000000   Number         0  fdiv.o ABSOLUTE
    ../fplib/microlib/fpdiv.c                0x00000000   Number         0  ddiv.o ABSOLUTE
    ../fplib/microlib/fpepilogue.c           0x00000000   Number         0  depilogue.o ABSOLUTE
    ../fplib/microlib/fpepilogue.c           0x00000000   Number         0  fepilogue.o ABSOLUTE
    ../fplib/microlib/fpfix.c                0x00000000   Number         0  ffixui.o ABSOLUTE
    ../fplib/microlib/fpfix.c                0x00000000   Number         0  dfixul.o ABSOLUTE
    ../fplib/microlib/fpfix.c                0x00000000   Number         0  ffixi.o ABSOLUTE
    ../fplib/microlib/fpflt.c                0x00000000   Number         0  fflti.o ABSOLUTE
    ../fplib/microlib/fpflt.c                0x00000000   Number         0  ffltui.o ABSOLUTE
    ../fplib/microlib/fpmul.c                0x00000000   Number         0  dmul.o ABSOLUTE
    ../fplib/microlib/fpmul.c                0x00000000   Number         0  fmul.o ABSOLUTE
    ..\Hardware\ADC\adc.c                    0x00000000   Number         0  adc.o ABSOLUTE
    ..\Hardware\FREQ\freq.c                  0x00000000   Number         0  freq.o ABSOLUTE
    ..\Hardware\KEY\key.c                    0x00000000   Number         0  key.o ABSOLUTE
    ..\Hardware\LED\led.c                    0x00000000   Number         0  led.o ABSOLUTE
    ..\Hardware\TFT\tft.c                    0x00000000   Number         0  tft.o ABSOLUTE
    ..\Hardware\TFT\tft_init.c               0x00000000   Number         0  tft_init.o ABSOLUTE
    ..\Hardware\TIMER\timer.c                0x00000000   Number         0  timer.o ABSOLUTE
    ..\Libraries\CMSIS\core_cm3.c            0x00000000   Number         0  core_cm3.o ABSOLUTE
    ..\Libraries\CMSIS\startup\startup_stm32f10x_md.s 0x00000000   Number         0  startup_stm32f10x_md.o ABSOLUTE
    ..\Libraries\CMSIS\system_stm32f10x.c    0x00000000   Number         0  system_stm32f10x.o ABSOLUTE
    ..\Libraries\STM32F10x_StdPeriph_Driver\src\misc.c 0x00000000   Number         0  misc.o ABSOLUTE
    ..\Libraries\STM32F10x_StdPeriph_Driver\src\stm32f10x_adc.c 0x00000000   Number         0  stm32f10x_adc.o ABSOLUTE
    ..\Libraries\STM32F10x_StdPeriph_Driver\src\stm32f10x_bkp.c 0x00000000   Number         0  stm32f10x_bkp.o ABSOLUTE
    ..\Libraries\STM32F10x_StdPeriph_Driver\src\stm32f10x_can.c 0x00000000   Number         0  stm32f10x_can.o ABSOLUTE
    ..\Libraries\STM32F10x_StdPeriph_Driver\src\stm32f10x_cec.c 0x00000000   Number         0  stm32f10x_cec.o ABSOLUTE
    ..\Libraries\STM32F10x_StdPeriph_Driver\src\stm32f10x_crc.c 0x00000000   Number         0  stm32f10x_crc.o ABSOLUTE
    ..\Libraries\STM32F10x_StdPeriph_Driver\src\stm32f10x_dac.c 0x00000000   Number         0  stm32f10x_dac.o ABSOLUTE
    ..\Libraries\STM32F10x_StdPeriph_Driver\src\stm32f10x_dbgmcu.c 0x00000000   Number         0  stm32f10x_dbgmcu.o ABSOLUTE
    ..\Libraries\STM32F10x_StdPeriph_Driver\src\stm32f10x_dma.c 0x00000000   Number         0  stm32f10x_dma.o ABSOLUTE
    ..\Libraries\STM32F10x_StdPeriph_Driver\src\stm32f10x_exti.c 0x00000000   Number         0  stm32f10x_exti.o ABSOLUTE
    ..\Libraries\STM32F10x_StdPeriph_Driver\src\stm32f10x_flash.c 0x00000000   Number         0  stm32f10x_flash.o ABSOLUTE
    ..\Libraries\STM32F10x_StdPeriph_Driver\src\stm32f10x_fsmc.c 0x00000000   Number         0  stm32f10x_fsmc.o ABSOLUTE
    ..\Libraries\STM32F10x_StdPeriph_Driver\src\stm32f10x_gpio.c 0x00000000   Number         0  stm32f10x_gpio.o ABSOLUTE
    ..\Libraries\STM32F10x_StdPeriph_Driver\src\stm32f10x_i2c.c 0x00000000   Number         0  stm32f10x_i2c.o ABSOLUTE
    ..\Libraries\STM32F10x_StdPeriph_Driver\src\stm32f10x_iwdg.c 0x00000000   Number         0  stm32f10x_iwdg.o ABSOLUTE
    ..\Libraries\STM32F10x_StdPeriph_Driver\src\stm32f10x_pwr.c 0x00000000   Number         0  stm32f10x_pwr.o ABSOLUTE
    ..\Libraries\STM32F10x_StdPeriph_Driver\src\stm32f10x_rcc.c 0x00000000   Number         0  stm32f10x_rcc.o ABSOLUTE
    ..\Libraries\STM32F10x_StdPeriph_Driver\src\stm32f10x_rtc.c 0x00000000   Number         0  stm32f10x_rtc.o ABSOLUTE
    ..\Libraries\STM32F10x_StdPeriph_Driver\src\stm32f10x_sdio.c 0x00000000   Number         0  stm32f10x_sdio.o ABSOLUTE
    ..\Libraries\STM32F10x_StdPeriph_Driver\src\stm32f10x_spi.c 0x00000000   Number         0  stm32f10x_spi.o ABSOLUTE
    ..\Libraries\STM32F10x_StdPeriph_Driver\src\stm32f10x_tim.c 0x00000000   Number         0  stm32f10x_tim.o ABSOLUTE
    ..\Libraries\STM32F10x_StdPeriph_Driver\src\stm32f10x_usart.c 0x00000000   Number         0  stm32f10x_usart.o ABSOLUTE
    ..\Libraries\STM32F10x_StdPeriph_Driver\src\stm32f10x_wwdg.c 0x00000000   Number         0  stm32f10x_wwdg.o ABSOLUTE
    ..\SYSTEM\delay\delay.c                  0x00000000   Number         0  delay.o ABSOLUTE
    ..\User\SysTick\SysTick.c                0x00000000   Number         0  systick.o ABSOLUTE
    ..\User\main.c                           0x00000000   Number         0  main.o ABSOLUTE
    ..\User\stm32f10x_it.c                   0x00000000   Number         0  stm32f10x_it.o ABSOLUTE
    ..\\Libraries\\CMSIS\\core_cm3.c         0x00000000   Number         0  core_cm3.o ABSOLUTE
    cdcmple.s                                0x00000000   Number         0  cdcmple.o ABSOLUTE
    cdrcmple.s                               0x00000000   Number         0  cdrcmple.o ABSOLUTE
    cfcmple.s                                0x00000000   Number         0  cfcmple.o ABSOLUTE
    cfrcmple.s                               0x00000000   Number         0  cfrcmple.o ABSOLUTE
    dc.s                                     0x00000000   Number         0  dc.o ABSOLUTE
    handlers.s                               0x00000000   Number         0  handlers.o ABSOLUTE
    init.s                                   0x00000000   Number         0  init.o ABSOLUTE
    RESET                                    0x08000000   Section      236  startup_stm32f10x_md.o(RESET)
    .ARM.Collect$$$$00000000                 0x080000ec   Section        0  entry.o(.ARM.Collect$$$$00000000)
    .ARM.Collect$$$$00000001                 0x080000ec   Section        4  entry2.o(.ARM.Collect$$$$00000001)
    .ARM.Collect$$$$00000004                 0x080000f0   Section        4  entry5.o(.ARM.Collect$$$$00000004)
    .ARM.Collect$$$$00000008                 0x080000f4   Section        0  entry7b.o(.ARM.Collect$$$$00000008)
    .ARM.Collect$$$$0000000A                 0x080000f4   Section        0  entry8b.o(.ARM.Collect$$$$0000000A)
    .ARM.Collect$$$$0000000B                 0x080000f4   Section        8  entry9a.o(.ARM.Collect$$$$0000000B)
    .ARM.Collect$$$$0000000D                 0x080000fc   Section        0  entry10a.o(.ARM.Collect$$$$0000000D)
    .ARM.Collect$$$$0000000F                 0x080000fc   Section        0  entry11a.o(.ARM.Collect$$$$0000000F)
    .ARM.Collect$$$$00002712                 0x080000fc   Section        4  entry2.o(.ARM.Collect$$$$00002712)
    __lit__00000000                          0x080000fc   Data           4  entry2.o(.ARM.Collect$$$$00002712)
    .text                                    0x08000100   Section       36  startup_stm32f10x_md.o(.text)
    .text                                    0x08000124   Section        0  memseta.o(.text)
    .text                                    0x08000148   Section        0  fadd.o(.text)
    .text                                    0x080001f8   Section        0  fmul.o(.text)
    .text                                    0x0800025c   Section        0  fdiv.o(.text)
    .text                                    0x080002d8   Section        0  dadd.o(.text)
    .text                                    0x08000426   Section        0  ddiv.o(.text)
    .text                                    0x08000504   Section        0  fflti.o(.text)
    .text                                    0x08000516   Section        0  ffltui.o(.text)
    .text                                    0x08000520   Section        0  ffixi.o(.text)
    .text                                    0x08000552   Section        0  ffixui.o(.text)
    .text                                    0x0800057a   Section        0  f2d.o(.text)
    .text                                    0x080005a0   Section       48  cdcmple.o(.text)
    .text                                    0x080005d0   Section       48  cdrcmple.o(.text)
    .text                                    0x08000600   Section        0  d2f.o(.text)
    .text                                    0x08000638   Section       20  cfcmple.o(.text)
    .text                                    0x0800064c   Section       20  cfrcmple.o(.text)
    .text                                    0x08000660   Section        0  uidiv.o(.text)
    .text                                    0x0800068c   Section        0  uldiv.o(.text)
    .text                                    0x080006ee   Section        0  llshl.o(.text)
    .text                                    0x0800070c   Section        0  llsshr.o(.text)
    .text                                    0x08000730   Section        0  iusefp.o(.text)
    .text                                    0x08000730   Section        0  fepilogue.o(.text)
    .text                                    0x0800079e   Section        0  depilogue.o(.text)
    .text                                    0x08000858   Section        0  dmul.o(.text)
    .text                                    0x0800093c   Section        0  dfixul.o(.text)
    .text                                    0x0800096c   Section       36  init.o(.text)
    .text                                    0x08000990   Section        0  llushr.o(.text)
    i.ADC_Cmd                                0x080009b0   Section        0  stm32f10x_adc.o(i.ADC_Cmd)
    i.ADC_DMACmd                             0x080009c6   Section        0  stm32f10x_adc.o(i.ADC_DMACmd)
    i.ADC_DMA_Init                           0x080009dc   Section        0  adc.o(i.ADC_DMA_Init)
    ADC_DMA_Init                             0x080009dd   Thumb Code   100  adc.o(i.ADC_DMA_Init)
    i.ADC_DMA_NVIC_Config                    0x08000a4c   Section        0  adc.o(i.ADC_DMA_NVIC_Config)
    ADC_DMA_NVIC_Config                      0x08000a4d   Thumb Code    40  adc.o(i.ADC_DMA_NVIC_Config)
    i.ADC_DMA_Start                          0x08000a74   Section        0  adc.o(i.ADC_DMA_Start)
    i.ADC_GetCalibrationStatus               0x08000a88   Section        0  stm32f10x_adc.o(i.ADC_GetCalibrationStatus)
    i.ADC_GetResetCalibrationStatus          0x08000a9c   Section        0  stm32f10x_adc.o(i.ADC_GetResetCalibrationStatus)
    i.ADC_Init                               0x08000ab0   Section        0  stm32f10x_adc.o(i.ADC_Init)
    i.ADC_RegularChannelConfig               0x08000b00   Section        0  stm32f10x_adc.o(i.ADC_RegularChannelConfig)
    i.ADC_ResetCalibration                   0x08000bb8   Section        0  stm32f10x_adc.o(i.ADC_ResetCalibration)
    i.ADC_SoftwareStartConvCmd               0x08000bc2   Section        0  stm32f10x_adc.o(i.ADC_SoftwareStartConvCmd)
    i.ADC_StartCalibration                   0x08000bd8   Section        0  stm32f10x_adc.o(i.ADC_StartCalibration)
    i.ADCx_GPIO_Config                       0x08000be4   Section        0  adc.o(i.ADCx_GPIO_Config)
    ADCx_GPIO_Config                         0x08000be5   Thumb Code    32  adc.o(i.ADCx_GPIO_Config)
    i.ADCx_Mode_Config                       0x08000c08   Section        0  adc.o(i.ADCx_Mode_Config)
    ADCx_Mode_Config                         0x08000c09   Thumb Code   142  adc.o(i.ADCx_Mode_Config)
    i.BusFault_Handler                       0x08000c9c   Section        0  stm32f10x_it.o(i.BusFault_Handler)
    i.CLose_LED                              0x08000ca0   Section        0  led.o(i.CLose_LED)
    i.DMA1_Channel1_IRQHandler               0x08000cd0   Section        0  adc.o(i.DMA1_Channel1_IRQHandler)
    i.DMA_ClearITPendingBit                  0x08000cfc   Section        0  stm32f10x_dma.o(i.DMA_ClearITPendingBit)
    i.DMA_Cmd                                0x08000d18   Section        0  stm32f10x_dma.o(i.DMA_Cmd)
    i.DMA_DeInit                             0x08000d30   Section        0  stm32f10x_dma.o(i.DMA_DeInit)
    i.DMA_GetITStatus                        0x08000e7c   Section        0  stm32f10x_dma.o(i.DMA_GetITStatus)
    i.DMA_ITConfig                           0x08000ea8   Section        0  stm32f10x_dma.o(i.DMA_ITConfig)
    i.DMA_Init                               0x08000eba   Section        0  stm32f10x_dma.o(i.DMA_Init)
    i.DebugMon_Handler                       0x08000ef6   Section        0  stm32f10x_it.o(i.DebugMon_Handler)
    i.EXTI15_10_IRQHandler                   0x08000ef8   Section        0  key.o(i.EXTI15_10_IRQHandler)
    i.EXTI4_IRQHandler                       0x08000f84   Section        0  key.o(i.EXTI4_IRQHandler)
    i.EXTI9_5_IRQHandler                     0x0800101c   Section        0  key.o(i.EXTI9_5_IRQHandler)
    i.EXTI_ClearFlag                         0x08001054   Section        0  stm32f10x_exti.o(i.EXTI_ClearFlag)
    i.EXTI_GetITStatus                       0x08001060   Section        0  stm32f10x_exti.o(i.EXTI_GetITStatus)
    i.EXTI_Init                              0x08001088   Section        0  stm32f10x_exti.o(i.EXTI_Init)
    i.GENERAL_TIM_GPIO_Config                0x0800111c   Section        0  timer.o(i.GENERAL_TIM_GPIO_Config)
    GENERAL_TIM_GPIO_Config                  0x0800111d   Thumb Code    38  timer.o(i.GENERAL_TIM_GPIO_Config)
    i.GENERAL_TIM_GPIO_Config                0x08001148   Section        0  freq.o(i.GENERAL_TIM_GPIO_Config)
    GENERAL_TIM_GPIO_Config                  0x08001149   Thumb Code    40  freq.o(i.GENERAL_TIM_GPIO_Config)
    i.GENERAL_TIM_NVIC_Config                0x08001174   Section        0  freq.o(i.GENERAL_TIM_NVIC_Config)
    GENERAL_TIM_NVIC_Config                  0x08001175   Thumb Code    42  freq.o(i.GENERAL_TIM_NVIC_Config)
    i.GPIO_EXTILineConfig                    0x080011a0   Section        0  stm32f10x_gpio.o(i.GPIO_EXTILineConfig)
    i.GPIO_Init                              0x080011e0   Section        0  stm32f10x_gpio.o(i.GPIO_Init)
    i.GPIO_PinRemapConfig                    0x080012f8   Section        0  stm32f10x_gpio.o(i.GPIO_PinRemapConfig)
    i.GPIO_ReadInputDataBit                  0x08001388   Section        0  stm32f10x_gpio.o(i.GPIO_ReadInputDataBit)
    i.GPIO_ResetBits                         0x0800139a   Section        0  stm32f10x_gpio.o(i.GPIO_ResetBits)
    i.GPIO_SetBits                           0x0800139e   Section        0  stm32f10x_gpio.o(i.GPIO_SetBits)
    i.Get_ADC_Value                          0x080013a4   Section        0  adc.o(i.Get_ADC_Value)
    i.HardFault_Handler                      0x080013c4   Section        0  stm32f10x_it.o(i.HardFault_Handler)
    i.Init_EC11_GPIO                         0x080013c8   Section        0  key.o(i.Init_EC11_GPIO)
    i.Init_FreqTimer                         0x08001480   Section        0  freq.o(i.Init_FreqTimer)
    i.Init_Key_GPIO                          0x080014fc   Section        0  key.o(i.Init_Key_GPIO)
    i.Init_LED_GPIO                          0x080015ec   Section        0  led.o(i.Init_LED_GPIO)
    i.Init_Oscilloscope                      0x08001624   Section        0  main.o(i.Init_Oscilloscope)
    i.Init_PWM_Output                        0x08001648   Section        0  timer.o(i.Init_PWM_Output)
    i.Init_SPI0_GPIO                         0x080016b0   Section        0  tft_init.o(i.Init_SPI0_GPIO)
    Init_SPI0_GPIO                           0x080016b1   Thumb Code   232  tft_init.o(i.Init_SPI0_GPIO)
    i.Key_Handle                             0x080017a4   Section        0  key.o(i.Key_Handle)
    i.MemManage_Handler                      0x08001948   Section        0  stm32f10x_it.o(i.MemManage_Handler)
    i.NMI_Handler                            0x0800194c   Section        0  stm32f10x_it.o(i.NMI_Handler)
    i.NVIC_Configuration                     0x0800194e   Section        0  key.o(i.NVIC_Configuration)
    NVIC_Configuration                       0x0800194f   Thumb Code    86  key.o(i.NVIC_Configuration)
    i.NVIC_Init                              0x080019a4   Section        0  misc.o(i.NVIC_Init)
    i.NVIC_PriorityGroupConfig               0x08001a14   Section        0  misc.o(i.NVIC_PriorityGroupConfig)
    i.PendSV_Handler                         0x08001a28   Section        0  stm32f10x_it.o(i.PendSV_Handler)
    i.RCC_ADCCLKConfig                       0x08001a2c   Section        0  stm32f10x_rcc.o(i.RCC_ADCCLKConfig)
    i.RCC_AHBPeriphClockCmd                  0x08001a44   Section        0  stm32f10x_rcc.o(i.RCC_AHBPeriphClockCmd)
    i.RCC_APB1PeriphClockCmd                 0x08001a64   Section        0  stm32f10x_rcc.o(i.RCC_APB1PeriphClockCmd)
    i.RCC_APB2PeriphClockCmd                 0x08001a84   Section        0  stm32f10x_rcc.o(i.RCC_APB2PeriphClockCmd)
    i.SPI0_Write                             0x08001aa4   Section        0  tft_init.o(i.SPI0_Write)
    SPI0_Write                               0x08001aa5   Thumb Code    34  tft_init.o(i.SPI0_Write)
    i.SPI_Cmd                                0x08001acc   Section        0  stm32f10x_spi.o(i.SPI_Cmd)
    i.SPI_I2S_GetFlagStatus                  0x08001ae4   Section        0  stm32f10x_spi.o(i.SPI_I2S_GetFlagStatus)
    i.SPI_Init                               0x08001af6   Section        0  stm32f10x_spi.o(i.SPI_Init)
    i.SVC_Handler                            0x08001b32   Section        0  stm32f10x_it.o(i.SVC_Handler)
    i.SetSysClock                            0x08001b34   Section        0  system_stm32f10x.o(i.SetSysClock)
    SetSysClock                              0x08001b35   Thumb Code     8  system_stm32f10x.o(i.SetSysClock)
    i.SetSysClockTo72                        0x08001b3c   Section        0  system_stm32f10x.o(i.SetSysClockTo72)
    SetSysClockTo72                          0x08001b3d   Thumb Code   214  system_stm32f10x.o(i.SetSysClockTo72)
    i.Set_Output_Freq                        0x08001c1c   Section        0  timer.o(i.Set_Output_Freq)
    i.Set_Output_PWMComparex                 0x08001c2c   Section        0  timer.o(i.Set_Output_PWMComparex)
    i.SysTick_Config                         0x08001c3c   Section        0  systick.o(i.SysTick_Config)
    SysTick_Config                           0x08001c3d   Thumb Code    76  systick.o(i.SysTick_Config)
    i.SysTick_Handler                        0x08001c90   Section        0  stm32f10x_it.o(i.SysTick_Handler)
    i.SysTick_Init                           0x08001c94   Section        0  systick.o(i.SysTick_Init)
    i.SystemInit                             0x08001cb8   Section        0  system_stm32f10x.o(i.SystemInit)
    i.TFT_Address_Set                        0x08001d18   Section        0  tft_init.o(i.TFT_Address_Set)
    i.TFT_DrawLine                           0x08001d52   Section        0  tft.o(i.TFT_DrawLine)
    i.TFT_DrawPoint                          0x08001e34   Section        0  tft.o(i.TFT_DrawPoint)
    i.TFT_Fill                               0x08001e50   Section        0  tft.o(i.TFT_Fill)
    i.TFT_GPIO_Init                          0x08001ea0   Section        0  tft_init.o(i.TFT_GPIO_Init)
    TFT_GPIO_Init                            0x08001ea1   Thumb Code   108  tft_init.o(i.TFT_GPIO_Init)
    i.TFT_Init                               0x08001f10   Section        0  tft_init.o(i.TFT_Init)
    i.TFT_ShowChar                           0x08002110   Section        0  tft.o(i.TFT_ShowChar)
    i.TFT_ShowChinese                        0x0800224c   Section        0  tft.o(i.TFT_ShowChinese)
    i.TFT_ShowChinese12x12                   0x080022bc   Section        0  tft.o(i.TFT_ShowChinese12x12)
    i.TFT_ShowChinese16x16                   0x0800240c   Section        0  tft.o(i.TFT_ShowChinese16x16)
    i.TFT_ShowChinese24x24                   0x0800254c   Section        0  tft.o(i.TFT_ShowChinese24x24)
    i.TFT_ShowString                         0x0800269c   Section        0  tft.o(i.TFT_ShowString)
    i.TFT_ShowUI                             0x080026e0   Section        0  tft.o(i.TFT_ShowUI)
    i.TFT_StaticUI                           0x08002904   Section        0  tft.o(i.TFT_StaticUI)
    i.TFT_WR_DATA                            0x08002b90   Section        0  tft_init.o(i.TFT_WR_DATA)
    i.TFT_WR_DATA8                           0x08002bb8   Section        0  tft_init.o(i.TFT_WR_DATA8)
    i.TFT_WR_REG                             0x08002bd8   Section        0  tft_init.o(i.TFT_WR_REG)
    i.TI1_Config                             0x08002c08   Section        0  stm32f10x_tim.o(i.TI1_Config)
    TI1_Config                               0x08002c09   Thumb Code   108  stm32f10x_tim.o(i.TI1_Config)
    i.TI2_Config                             0x08002c88   Section        0  stm32f10x_tim.o(i.TI2_Config)
    TI2_Config                               0x08002c89   Thumb Code   130  stm32f10x_tim.o(i.TI2_Config)
    i.TI3_Config                             0x08002d20   Section        0  stm32f10x_tim.o(i.TI3_Config)
    TI3_Config                               0x08002d21   Thumb Code   122  stm32f10x_tim.o(i.TI3_Config)
    i.TI4_Config                             0x08002db0   Section        0  stm32f10x_tim.o(i.TI4_Config)
    TI4_Config                               0x08002db1   Thumb Code   130  stm32f10x_tim.o(i.TI4_Config)
    i.TIM3_IRQHandler                        0x08002e48   Section        0  freq.o(i.TIM3_IRQHandler)
    i.TIM_ClearFlag                          0x08002eec   Section        0  stm32f10x_tim.o(i.TIM_ClearFlag)
    i.TIM_ClearITPendingBit                  0x08002ef2   Section        0  stm32f10x_tim.o(i.TIM_ClearITPendingBit)
    i.TIM_Cmd                                0x08002ef8   Section        0  stm32f10x_tim.o(i.TIM_Cmd)
    i.TIM_GetCapture1                        0x08002f10   Section        0  stm32f10x_tim.o(i.TIM_GetCapture1)
    i.TIM_GetITStatus                        0x08002f16   Section        0  stm32f10x_tim.o(i.TIM_GetITStatus)
    i.TIM_ICInit                             0x08002f38   Section        0  stm32f10x_tim.o(i.TIM_ICInit)
    i.TIM_ITConfig                           0x08002fe4   Section        0  stm32f10x_tim.o(i.TIM_ITConfig)
    i.TIM_OC3Init                            0x08002ff8   Section        0  stm32f10x_tim.o(i.TIM_OC3Init)
    i.TIM_OC3PreloadConfig                   0x08003098   Section        0  stm32f10x_tim.o(i.TIM_OC3PreloadConfig)
    i.TIM_SetAutoreload                      0x080030aa   Section        0  stm32f10x_tim.o(i.TIM_SetAutoreload)
    i.TIM_SetCompare3                        0x080030ae   Section        0  stm32f10x_tim.o(i.TIM_SetCompare3)
    i.TIM_SetCounter                         0x080030b2   Section        0  stm32f10x_tim.o(i.TIM_SetCounter)
    i.TIM_SetIC1Prescaler                    0x080030b6   Section        0  stm32f10x_tim.o(i.TIM_SetIC1Prescaler)
    i.TIM_SetIC2Prescaler                    0x080030c8   Section        0  stm32f10x_tim.o(i.TIM_SetIC2Prescaler)
    i.TIM_SetIC3Prescaler                    0x080030e2   Section        0  stm32f10x_tim.o(i.TIM_SetIC3Prescaler)
    i.TIM_SetIC4Prescaler                    0x080030f4   Section        0  stm32f10x_tim.o(i.TIM_SetIC4Prescaler)
    i.TIM_TimeBaseInit                       0x08003110   Section        0  stm32f10x_tim.o(i.TIM_TimeBaseInit)
    i.UsageFault_Handler                     0x080031b4   Section        0  stm32f10x_it.o(i.UsageFault_Handler)
    i.__0sprintf                             0x080031b8   Section        0  printfa.o(i.__0sprintf)
    i.__scatterload_copy                     0x080031e0   Section       14  handlers.o(i.__scatterload_copy)
    i.__scatterload_null                     0x080031ee   Section        2  handlers.o(i.__scatterload_null)
    i.__scatterload_zeroinit                 0x080031f0   Section       14  handlers.o(i.__scatterload_zeroinit)
    i._fp_digits                             0x08003200   Section        0  printfa.o(i._fp_digits)
    _fp_digits                               0x08003201   Thumb Code   334  printfa.o(i._fp_digits)
    i._printf_core                           0x08003364   Section        0  printfa.o(i._printf_core)
    _printf_core                             0x08003365   Thumb Code  1744  printfa.o(i._printf_core)
    i._printf_post_padding                   0x08003a40   Section        0  printfa.o(i._printf_post_padding)
    _printf_post_padding                     0x08003a41   Thumb Code    36  printfa.o(i._printf_post_padding)
    i._printf_pre_padding                    0x08003a64   Section        0  printfa.o(i._printf_pre_padding)
    _printf_pre_padding                      0x08003a65   Thumb Code    46  printfa.o(i._printf_pre_padding)
    i._sputc                                 0x08003a92   Section        0  printfa.o(i._sputc)
    _sputc                                   0x08003a93   Thumb Code    10  printfa.o(i._sputc)
    i.delay_ms                               0x08003a9c   Section        0  delay.o(i.delay_ms)
    i.drawCurve                              0x08003ad4   Section        0  tft.o(i.drawCurve)
    i.main                                   0x08003b58   Section        0  main.o(i.main)
    .constdata                               0x08003dac   Section     8234  tft.o(.constdata)
    .data                                    0x20000000   Section       20  system_stm32f10x.o(.data)
    .data                                    0x20000014   Section        5  tft.o(.data)
    lastX                                    0x20000014   Data           2  tft.o(.data)
    lastY                                    0x20000016   Data           2  tft.o(.data)
    firstPoint                               0x20000018   Data           1  tft.o(.data)
    .data                                    0x20000019   Section        3  key.o(.data)
    keyValue                                 0x20000019   Data           1  key.o(.data)
    clockwiseNum                             0x2000001a   Data           1  key.o(.data)
    anticlockwiseNum                         0x2000001b   Data           1  key.o(.data)
    .data                                    0x2000001c   Section       20  freq.o(.data)
    .bss                                     0x20000030   Section     1224  main.o(.bss)
    .bss                                     0x200004f8   Section      600  adc.o(.bss)
    STACK                                    0x20000750   Section     1024  startup_stm32f10x_md.o(STACK)

    Global Symbols

    Symbol Name                              Value     Ov Type        Size  Object(Section)

    BuildAttributes$$THM_ISAv4$P$D$K$B$S$PE$A:L22UL41UL21$X:L11$S22US41US21$IEEE1$IW$USESV6$~STKCKD$USESV7$~SHL$OTIME$ROPI$EBA8$MICROLIB$REQ8$PRES8$EABIv2 0x00000000   Number         0  anon$$obj.o ABSOLUTE
    __ARM_use_no_argv                        0x00000000   Number         0  main.o ABSOLUTE
    _printf_a                                0x00000000   Number         0  stubs.o ABSOLUTE
    _printf_c                                0x00000000   Number         0  stubs.o ABSOLUTE
    _printf_charcount                        0x00000000   Number         0  stubs.o ABSOLUTE
    _printf_d                                0x00000000   Number         0  stubs.o ABSOLUTE
    _printf_e                                0x00000000   Number         0  stubs.o ABSOLUTE
    _printf_f                                0x00000000   Number         0  stubs.o ABSOLUTE
    _printf_flags                            0x00000000   Number         0  stubs.o ABSOLUTE
    _printf_fp_dec                           0x00000000   Number         0  stubs.o ABSOLUTE
    _printf_fp_hex                           0x00000000   Number         0  stubs.o ABSOLUTE
    _printf_g                                0x00000000   Number         0  stubs.o ABSOLUTE
    _printf_i                                0x00000000   Number         0  stubs.o ABSOLUTE
    _printf_int_dec                          0x00000000   Number         0  stubs.o ABSOLUTE
    _printf_l                                0x00000000   Number         0  stubs.o ABSOLUTE
    _printf_lc                               0x00000000   Number         0  stubs.o ABSOLUTE
    _printf_ll                               0x00000000   Number         0  stubs.o ABSOLUTE
    _printf_lld                              0x00000000   Number         0  stubs.o ABSOLUTE
    _printf_lli                              0x00000000   Number         0  stubs.o ABSOLUTE
    _printf_llo                              0x00000000   Number         0  stubs.o ABSOLUTE
    _printf_llu                              0x00000000   Number         0  stubs.o ABSOLUTE
    _printf_llx                              0x00000000   Number         0  stubs.o ABSOLUTE
    _printf_longlong_dec                     0x00000000   Number         0  stubs.o ABSOLUTE
    _printf_longlong_hex                     0x00000000   Number         0  stubs.o ABSOLUTE
    _printf_longlong_oct                     0x00000000   Number         0  stubs.o ABSOLUTE
    _printf_ls                               0x00000000   Number         0  stubs.o ABSOLUTE
    _printf_mbtowc                           0x00000000   Number         0  stubs.o ABSOLUTE
    _printf_n                                0x00000000   Number         0  stubs.o ABSOLUTE
    _printf_o                                0x00000000   Number         0  stubs.o ABSOLUTE
    _printf_p                                0x00000000   Number         0  stubs.o ABSOLUTE
    _printf_percent                          0x00000000   Number         0  stubs.o ABSOLUTE
    _printf_pre_padding                      0x00000000   Number         0  stubs.o ABSOLUTE
    _printf_return_value                     0x00000000   Number         0  stubs.o ABSOLUTE
    _printf_s                                0x00000000   Number         0  stubs.o ABSOLUTE
    _printf_sizespec                         0x00000000   Number         0  stubs.o ABSOLUTE
    _printf_str                              0x00000000   Number         0  stubs.o ABSOLUTE
    _printf_truncate_signed                  0x00000000   Number         0  stubs.o ABSOLUTE
    _printf_truncate_unsigned                0x00000000   Number         0  stubs.o ABSOLUTE
    _printf_u                                0x00000000   Number         0  stubs.o ABSOLUTE
    _printf_wc                               0x00000000   Number         0  stubs.o ABSOLUTE
    _printf_wctomb                           0x00000000   Number         0  stubs.o ABSOLUTE
    _printf_widthprec                        0x00000000   Number         0  stubs.o ABSOLUTE
    _printf_x                                0x00000000   Number         0  stubs.o ABSOLUTE
    __cpp_initialize__aeabi_                  - Undefined Weak Reference
    __cxa_finalize                            - Undefined Weak Reference
    __decompress                              - Undefined Weak Reference
    _clock_init                               - Undefined Weak Reference
    _microlib_exit                            - Undefined Weak Reference
    __Vectors_Size                           0x000000ec   Number         0  startup_stm32f10x_md.o ABSOLUTE
    __Vectors                                0x08000000   Data           4  startup_stm32f10x_md.o(RESET)
    __Vectors_End                            0x080000ec   Data           0  startup_stm32f10x_md.o(RESET)
    __main                                   0x080000ed   Thumb Code     0  entry.o(.ARM.Collect$$$$00000000)
    _main_stk                                0x080000ed   Thumb Code     0  entry2.o(.ARM.Collect$$$$00000001)
    _main_scatterload                        0x080000f1   Thumb Code     0  entry5.o(.ARM.Collect$$$$00000004)
    __main_after_scatterload                 0x080000f5   Thumb Code     0  entry5.o(.ARM.Collect$$$$00000004)
    _main_clock                              0x080000f5   Thumb Code     0  entry7b.o(.ARM.Collect$$$$00000008)
    _main_cpp_init                           0x080000f5   Thumb Code     0  entry8b.o(.ARM.Collect$$$$0000000A)
    _main_init                               0x080000f5   Thumb Code     0  entry9a.o(.ARM.Collect$$$$0000000B)
    __rt_final_cpp                           0x080000fd   Thumb Code     0  entry10a.o(.ARM.Collect$$$$0000000D)
    __rt_final_exit                          0x080000fd   Thumb Code     0  entry11a.o(.ARM.Collect$$$$0000000F)
    Reset_Handler                            0x08000101   Thumb Code     8  startup_stm32f10x_md.o(.text)
    ADC1_2_IRQHandler                        0x0800011b   Thumb Code     0  startup_stm32f10x_md.o(.text)
    CAN1_RX1_IRQHandler                      0x0800011b   Thumb Code     0  startup_stm32f10x_md.o(.text)
    CAN1_SCE_IRQHandler                      0x0800011b   Thumb Code     0  startup_stm32f10x_md.o(.text)
    DMA1_Channel2_IRQHandler                 0x0800011b   Thumb Code     0  startup_stm32f10x_md.o(.text)
    DMA1_Channel3_IRQHandler                 0x0800011b   Thumb Code     0  startup_stm32f10x_md.o(.text)
    DMA1_Channel4_IRQHandler                 0x0800011b   Thumb Code     0  startup_stm32f10x_md.o(.text)
    DMA1_Channel5_IRQHandler                 0x0800011b   Thumb Code     0  startup_stm32f10x_md.o(.text)
    DMA1_Channel6_IRQHandler                 0x0800011b   Thumb Code     0  startup_stm32f10x_md.o(.text)
    DMA1_Channel7_IRQHandler                 0x0800011b   Thumb Code     0  startup_stm32f10x_md.o(.text)
    EXTI0_IRQHandler                         0x0800011b   Thumb Code     0  startup_stm32f10x_md.o(.text)
    EXTI1_IRQHandler                         0x0800011b   Thumb Code     0  startup_stm32f10x_md.o(.text)
    EXTI2_IRQHandler                         0x0800011b   Thumb Code     0  startup_stm32f10x_md.o(.text)
    EXTI3_IRQHandler                         0x0800011b   Thumb Code     0  startup_stm32f10x_md.o(.text)
    FLASH_IRQHandler                         0x0800011b   Thumb Code     0  startup_stm32f10x_md.o(.text)
    I2C1_ER_IRQHandler                       0x0800011b   Thumb Code     0  startup_stm32f10x_md.o(.text)
    I2C1_EV_IRQHandler                       0x0800011b   Thumb Code     0  startup_stm32f10x_md.o(.text)
    I2C2_ER_IRQHandler                       0x0800011b   Thumb Code     0  startup_stm32f10x_md.o(.text)
    I2C2_EV_IRQHandler                       0x0800011b   Thumb Code     0  startup_stm32f10x_md.o(.text)
    PVD_IRQHandler                           0x0800011b   Thumb Code     0  startup_stm32f10x_md.o(.text)
    RCC_IRQHandler                           0x0800011b   Thumb Code     0  startup_stm32f10x_md.o(.text)
    RTCAlarm_IRQHandler                      0x0800011b   Thumb Code     0  startup_stm32f10x_md.o(.text)
    RTC_IRQHandler                           0x0800011b   Thumb Code     0  startup_stm32f10x_md.o(.text)
    SPI1_IRQHandler                          0x0800011b   Thumb Code     0  startup_stm32f10x_md.o(.text)
    SPI2_IRQHandler                          0x0800011b   Thumb Code     0  startup_stm32f10x_md.o(.text)
    TAMPER_IRQHandler                        0x0800011b   Thumb Code     0  startup_stm32f10x_md.o(.text)
    TIM1_BRK_IRQHandler                      0x0800011b   Thumb Code     0  startup_stm32f10x_md.o(.text)
    TIM1_CC_IRQHandler                       0x0800011b   Thumb Code     0  startup_stm32f10x_md.o(.text)
    TIM1_TRG_COM_IRQHandler                  0x0800011b   Thumb Code     0  startup_stm32f10x_md.o(.text)
    TIM1_UP_IRQHandler                       0x0800011b   Thumb Code     0  startup_stm32f10x_md.o(.text)
    TIM2_IRQHandler                          0x0800011b   Thumb Code     0  startup_stm32f10x_md.o(.text)
    TIM4_IRQHandler                          0x0800011b   Thumb Code     0  startup_stm32f10x_md.o(.text)
    USART1_IRQHandler                        0x0800011b   Thumb Code     0  startup_stm32f10x_md.o(.text)
    USART2_IRQHandler                        0x0800011b   Thumb Code     0  startup_stm32f10x_md.o(.text)
    USART3_IRQHandler                        0x0800011b   Thumb Code     0  startup_stm32f10x_md.o(.text)
    USBWakeUp_IRQHandler                     0x0800011b   Thumb Code     0  startup_stm32f10x_md.o(.text)
    USB_HP_CAN1_TX_IRQHandler                0x0800011b   Thumb Code     0  startup_stm32f10x_md.o(.text)
    USB_LP_CAN1_RX0_IRQHandler               0x0800011b   Thumb Code     0  startup_stm32f10x_md.o(.text)
    WWDG_IRQHandler                          0x0800011b   Thumb Code     0  startup_stm32f10x_md.o(.text)
    __aeabi_memset                           0x08000125   Thumb Code    14  memseta.o(.text)
    __aeabi_memset4                          0x08000125   Thumb Code     0  memseta.o(.text)
    __aeabi_memset8                          0x08000125   Thumb Code     0  memseta.o(.text)
    __aeabi_memclr                           0x08000133   Thumb Code     4  memseta.o(.text)
    __aeabi_memclr4                          0x08000133   Thumb Code     0  memseta.o(.text)
    __aeabi_memclr8                          0x08000133   Thumb Code     0  memseta.o(.text)
    _memset$wrapper                          0x08000137   Thumb Code    18  memseta.o(.text)
    __aeabi_fadd                             0x08000149   Thumb Code   164  fadd.o(.text)
    __aeabi_fsub                             0x080001ed   Thumb Code     6  fadd.o(.text)
    __aeabi_frsub                            0x080001f3   Thumb Code     6  fadd.o(.text)
    __aeabi_fmul                             0x080001f9   Thumb Code   100  fmul.o(.text)
    __aeabi_fdiv                             0x0800025d   Thumb Code   124  fdiv.o(.text)
    __aeabi_dadd                             0x080002d9   Thumb Code   322  dadd.o(.text)
    __aeabi_dsub                             0x0800041b   Thumb Code     6  dadd.o(.text)
    __aeabi_drsub                            0x08000421   Thumb Code     6  dadd.o(.text)
    __aeabi_ddiv                             0x08000427   Thumb Code   222  ddiv.o(.text)
    __aeabi_i2f                              0x08000505   Thumb Code    18  fflti.o(.text)
    __aeabi_ui2f                             0x08000517   Thumb Code    10  ffltui.o(.text)
    __aeabi_f2iz                             0x08000521   Thumb Code    50  ffixi.o(.text)
    __aeabi_f2uiz                            0x08000553   Thumb Code    40  ffixui.o(.text)
    __aeabi_f2d                              0x0800057b   Thumb Code    38  f2d.o(.text)
    __aeabi_cdcmpeq                          0x080005a1   Thumb Code     0  cdcmple.o(.text)
    __aeabi_cdcmple                          0x080005a1   Thumb Code    48  cdcmple.o(.text)
    __aeabi_cdrcmple                         0x080005d1   Thumb Code    48  cdrcmple.o(.text)
    __aeabi_d2f                              0x08000601   Thumb Code    56  d2f.o(.text)
    __aeabi_cfcmpeq                          0x08000639   Thumb Code     0  cfcmple.o(.text)
    __aeabi_cfcmple                          0x08000639   Thumb Code    20  cfcmple.o(.text)
    __aeabi_cfrcmple                         0x0800064d   Thumb Code    20  cfrcmple.o(.text)
    __aeabi_uidiv                            0x08000661   Thumb Code     0  uidiv.o(.text)
    __aeabi_uidivmod                         0x08000661   Thumb Code    44  uidiv.o(.text)
    __aeabi_uldivmod                         0x0800068d   Thumb Code    98  uldiv.o(.text)
    __aeabi_llsl                             0x080006ef   Thumb Code    30  llshl.o(.text)
    _ll_shift_l                              0x080006ef   Thumb Code     0  llshl.o(.text)
    __aeabi_lasr                             0x0800070d   Thumb Code    36  llsshr.o(.text)
    _ll_sshift_r                             0x0800070d   Thumb Code     0  llsshr.o(.text)
    __I$use$fp                               0x08000731   Thumb Code     0  iusefp.o(.text)
    _float_round                             0x08000731   Thumb Code    18  fepilogue.o(.text)
    _float_epilogue                          0x08000743   Thumb Code    92  fepilogue.o(.text)
    _double_round                            0x0800079f   Thumb Code    30  depilogue.o(.text)
    _double_epilogue                         0x080007bd   Thumb Code   156  depilogue.o(.text)
    __aeabi_dmul                             0x08000859   Thumb Code   228  dmul.o(.text)
    __aeabi_d2ulz                            0x0800093d   Thumb Code    48  dfixul.o(.text)
    __scatterload                            0x0800096d   Thumb Code    28  init.o(.text)
    __scatterload_rt2                        0x0800096d   Thumb Code     0  init.o(.text)
    __aeabi_llsr                             0x08000991   Thumb Code    32  llushr.o(.text)
    _ll_ushift_r                             0x08000991   Thumb Code     0  llushr.o(.text)
    ADC_Cmd                                  0x080009b1   Thumb Code    22  stm32f10x_adc.o(i.ADC_Cmd)
    ADC_DMACmd                               0x080009c7   Thumb Code    22  stm32f10x_adc.o(i.ADC_DMACmd)
    ADC_DMA_Start                            0x08000a75   Thumb Code    20  adc.o(i.ADC_DMA_Start)
    ADC_GetCalibrationStatus                 0x08000a89   Thumb Code    20  stm32f10x_adc.o(i.ADC_GetCalibrationStatus)
    ADC_GetResetCalibrationStatus            0x08000a9d   Thumb Code    20  stm32f10x_adc.o(i.ADC_GetResetCalibrationStatus)
    ADC_Init                                 0x08000ab1   Thumb Code    70  stm32f10x_adc.o(i.ADC_Init)
    ADC_RegularChannelConfig                 0x08000b01   Thumb Code   184  stm32f10x_adc.o(i.ADC_RegularChannelConfig)
    ADC_ResetCalibration                     0x08000bb9   Thumb Code    10  stm32f10x_adc.o(i.ADC_ResetCalibration)
    ADC_SoftwareStartConvCmd                 0x08000bc3   Thumb Code    22  stm32f10x_adc.o(i.ADC_SoftwareStartConvCmd)
    ADC_StartCalibration                     0x08000bd9   Thumb Code    10  stm32f10x_adc.o(i.ADC_StartCalibration)
    BusFault_Handler                         0x08000c9d   Thumb Code     4  stm32f10x_it.o(i.BusFault_Handler)
    CLose_LED                                0x08000ca1   Thumb Code    44  led.o(i.CLose_LED)
    DMA1_Channel1_IRQHandler                 0x08000cd1   Thumb Code    34  adc.o(i.DMA1_Channel1_IRQHandler)
    DMA_ClearITPendingBit                    0x08000cfd   Thumb Code    18  stm32f10x_dma.o(i.DMA_ClearITPendingBit)
    DMA_Cmd                                  0x08000d19   Thumb Code    24  stm32f10x_dma.o(i.DMA_Cmd)
    DMA_DeInit                               0x08000d31   Thumb Code   324  stm32f10x_dma.o(i.DMA_DeInit)
    DMA_GetITStatus                          0x08000e7d   Thumb Code    36  stm32f10x_dma.o(i.DMA_GetITStatus)
    DMA_ITConfig                             0x08000ea9   Thumb Code    18  stm32f10x_dma.o(i.DMA_ITConfig)
    DMA_Init                                 0x08000ebb   Thumb Code    60  stm32f10x_dma.o(i.DMA_Init)
    DebugMon_Handler                         0x08000ef7   Thumb Code     2  stm32f10x_it.o(i.DebugMon_Handler)
    EXTI15_10_IRQHandler                     0x08000ef9   Thumb Code   130  key.o(i.EXTI15_10_IRQHandler)
    EXTI4_IRQHandler                         0x08000f85   Thumb Code   134  key.o(i.EXTI4_IRQHandler)
    EXTI9_5_IRQHandler                       0x0800101d   Thumb Code    46  key.o(i.EXTI9_5_IRQHandler)
    EXTI_ClearFlag                           0x08001055   Thumb Code     6  stm32f10x_exti.o(i.EXTI_ClearFlag)
    EXTI_GetITStatus                         0x08001061   Thumb Code    34  stm32f10x_exti.o(i.EXTI_GetITStatus)
    EXTI_Init                                0x08001089   Thumb Code   142  stm32f10x_exti.o(i.EXTI_Init)
    GPIO_EXTILineConfig                      0x080011a1   Thumb Code    60  stm32f10x_gpio.o(i.GPIO_EXTILineConfig)
    GPIO_Init                                0x080011e1   Thumb Code   278  stm32f10x_gpio.o(i.GPIO_Init)
    GPIO_PinRemapConfig                      0x080012f9   Thumb Code   138  stm32f10x_gpio.o(i.GPIO_PinRemapConfig)
    GPIO_ReadInputDataBit                    0x08001389   Thumb Code    18  stm32f10x_gpio.o(i.GPIO_ReadInputDataBit)
    GPIO_ResetBits                           0x0800139b   Thumb Code     4  stm32f10x_gpio.o(i.GPIO_ResetBits)
    GPIO_SetBits                             0x0800139f   Thumb Code     4  stm32f10x_gpio.o(i.GPIO_SetBits)
    Get_ADC_Value                            0x080013a5   Thumb Code    28  adc.o(i.Get_ADC_Value)
    HardFault_Handler                        0x080013c5   Thumb Code     4  stm32f10x_it.o(i.HardFault_Handler)
    Init_EC11_GPIO                           0x080013c9   Thumb Code   174  key.o(i.Init_EC11_GPIO)
    Init_FreqTimer                           0x08001481   Thumb Code   120  freq.o(i.Init_FreqTimer)
    Init_Key_GPIO                            0x080014fd   Thumb Code   236  key.o(i.Init_Key_GPIO)
    Init_LED_GPIO                            0x080015ed   Thumb Code    52  led.o(i.Init_LED_GPIO)
    Init_Oscilloscope                        0x08001625   Thumb Code    36  main.o(i.Init_Oscilloscope)
    Init_PWM_Output                          0x08001649   Thumb Code   102  timer.o(i.Init_PWM_Output)
    Key_Handle                               0x080017a5   Thumb Code   408  key.o(i.Key_Handle)
    MemManage_Handler                        0x08001949   Thumb Code     4  stm32f10x_it.o(i.MemManage_Handler)
    NMI_Handler                              0x0800194d   Thumb Code     2  stm32f10x_it.o(i.NMI_Handler)
    NVIC_Init                                0x080019a5   Thumb Code   100  misc.o(i.NVIC_Init)
    NVIC_PriorityGroupConfig                 0x08001a15   Thumb Code    10  misc.o(i.NVIC_PriorityGroupConfig)
    PendSV_Handler                           0x08001a29   Thumb Code     2  stm32f10x_it.o(i.PendSV_Handler)
    RCC_ADCCLKConfig                         0x08001a2d   Thumb Code    18  stm32f10x_rcc.o(i.RCC_ADCCLKConfig)
    RCC_AHBPeriphClockCmd                    0x08001a45   Thumb Code    26  stm32f10x_rcc.o(i.RCC_AHBPeriphClockCmd)
    RCC_APB1PeriphClockCmd                   0x08001a65   Thumb Code    26  stm32f10x_rcc.o(i.RCC_APB1PeriphClockCmd)
    RCC_APB2PeriphClockCmd                   0x08001a85   Thumb Code    26  stm32f10x_rcc.o(i.RCC_APB2PeriphClockCmd)
    SPI_Cmd                                  0x08001acd   Thumb Code    24  stm32f10x_spi.o(i.SPI_Cmd)
    SPI_I2S_GetFlagStatus                    0x08001ae5   Thumb Code    18  stm32f10x_spi.o(i.SPI_I2S_GetFlagStatus)
    SPI_Init                                 0x08001af7   Thumb Code    60  stm32f10x_spi.o(i.SPI_Init)
    SVC_Handler                              0x08001b33   Thumb Code     2  stm32f10x_it.o(i.SVC_Handler)
    Set_Output_Freq                          0x08001c1d   Thumb Code    16  timer.o(i.Set_Output_Freq)
    Set_Output_PWMComparex                   0x08001c2d   Thumb Code    16  timer.o(i.Set_Output_PWMComparex)
    SysTick_Handler                          0x08001c91   Thumb Code     2  stm32f10x_it.o(i.SysTick_Handler)
    SysTick_Init                             0x08001c95   Thumb Code    26  systick.o(i.SysTick_Init)
    SystemInit                               0x08001cb9   Thumb Code    78  system_stm32f10x.o(i.SystemInit)
    TFT_Address_Set                          0x08001d19   Thumb Code    58  tft_init.o(i.TFT_Address_Set)
    TFT_DrawLine                             0x08001d53   Thumb Code   226  tft.o(i.TFT_DrawLine)
    TFT_DrawPoint                            0x08001e35   Thumb Code    28  tft.o(i.TFT_DrawPoint)
    TFT_Fill                                 0x08001e51   Thumb Code    80  tft.o(i.TFT_Fill)
    TFT_Init                                 0x08001f11   Thumb Code   506  tft_init.o(i.TFT_Init)
    TFT_ShowChar                             0x08002111   Thumb Code   302  tft.o(i.TFT_ShowChar)
    TFT_ShowChinese                          0x0800224d   Thumb Code   110  tft.o(i.TFT_ShowChinese)
    TFT_ShowChinese12x12                     0x080022bd   Thumb Code   332  tft.o(i.TFT_ShowChinese12x12)
    TFT_ShowChinese16x16                     0x0800240d   Thumb Code   316  tft.o(i.TFT_ShowChinese16x16)
    TFT_ShowChinese24x24                     0x0800254d   Thumb Code   332  tft.o(i.TFT_ShowChinese24x24)
    TFT_ShowString                           0x0800269d   Thumb Code    66  tft.o(i.TFT_ShowString)
    TFT_ShowUI                               0x080026e1   Thumb Code   464  tft.o(i.TFT_ShowUI)
    TFT_StaticUI                             0x08002905   Thumb Code   556  tft.o(i.TFT_StaticUI)
    TFT_WR_DATA                              0x08002b91   Thumb Code    34  tft_init.o(i.TFT_WR_DATA)
    TFT_WR_DATA8                             0x08002bb9   Thumb Code    28  tft_init.o(i.TFT_WR_DATA8)
    TFT_WR_REG                               0x08002bd9   Thumb Code    44  tft_init.o(i.TFT_WR_REG)
    TIM3_IRQHandler                          0x08002e49   Thumb Code   148  freq.o(i.TIM3_IRQHandler)
    TIM_ClearFlag                            0x08002eed   Thumb Code     6  stm32f10x_tim.o(i.TIM_ClearFlag)
    TIM_ClearITPendingBit                    0x08002ef3   Thumb Code     6  stm32f10x_tim.o(i.TIM_ClearITPendingBit)
    TIM_Cmd                                  0x08002ef9   Thumb Code    24  stm32f10x_tim.o(i.TIM_Cmd)
    TIM_GetCapture1                          0x08002f11   Thumb Code     6  stm32f10x_tim.o(i.TIM_GetCapture1)
    TIM_GetITStatus                          0x08002f17   Thumb Code    34  stm32f10x_tim.o(i.TIM_GetITStatus)
    TIM_ICInit                               0x08002f39   Thumb Code   150  stm32f10x_tim.o(i.TIM_ICInit)
    TIM_ITConfig                             0x08002fe5   Thumb Code    18  stm32f10x_tim.o(i.TIM_ITConfig)
    TIM_OC3Init                              0x08002ff9   Thumb Code   150  stm32f10x_tim.o(i.TIM_OC3Init)
    TIM_OC3PreloadConfig                     0x08003099   Thumb Code    18  stm32f10x_tim.o(i.TIM_OC3PreloadConfig)
    TIM_SetAutoreload                        0x080030ab   Thumb Code     4  stm32f10x_tim.o(i.TIM_SetAutoreload)
    TIM_SetCompare3                          0x080030af   Thumb Code     4  stm32f10x_tim.o(i.TIM_SetCompare3)
    TIM_SetCounter                           0x080030b3   Thumb Code     4  stm32f10x_tim.o(i.TIM_SetCounter)
    TIM_SetIC1Prescaler                      0x080030b7   Thumb Code    18  stm32f10x_tim.o(i.TIM_SetIC1Prescaler)
    TIM_SetIC2Prescaler                      0x080030c9   Thumb Code    26  stm32f10x_tim.o(i.TIM_SetIC2Prescaler)
    TIM_SetIC3Prescaler                      0x080030e3   Thumb Code    18  stm32f10x_tim.o(i.TIM_SetIC3Prescaler)
    TIM_SetIC4Prescaler                      0x080030f5   Thumb Code    26  stm32f10x_tim.o(i.TIM_SetIC4Prescaler)
    TIM_TimeBaseInit                         0x08003111   Thumb Code   122  stm32f10x_tim.o(i.TIM_TimeBaseInit)
    UsageFault_Handler                       0x080031b5   Thumb Code     4  stm32f10x_it.o(i.UsageFault_Handler)
    __0sprintf                               0x080031b9   Thumb Code    34  printfa.o(i.__0sprintf)
    __1sprintf                               0x080031b9   Thumb Code     0  printfa.o(i.__0sprintf)
    __2sprintf                               0x080031b9   Thumb Code     0  printfa.o(i.__0sprintf)
    __c89sprintf                             0x080031b9   Thumb Code     0  printfa.o(i.__0sprintf)
    sprintf                                  0x080031b9   Thumb Code     0  printfa.o(i.__0sprintf)
    __scatterload_copy                       0x080031e1   Thumb Code    14  handlers.o(i.__scatterload_copy)
    __scatterload_null                       0x080031ef   Thumb Code     2  handlers.o(i.__scatterload_null)
    __scatterload_zeroinit                   0x080031f1   Thumb Code    14  handlers.o(i.__scatterload_zeroinit)
    delay_ms                                 0x08003a9d   Thumb Code    56  delay.o(i.delay_ms)
    drawCurve                                0x08003ad5   Thumb Code   118  tft.o(i.drawCurve)
    main                                     0x08003b59   Thumb Code   564  main.o(i.main)
    ascii_1206                               0x08003dac   Data        1140  tft.o(.constdata)
    ascii_1608                               0x08004220   Data        1520  tft.o(.constdata)
    ascii_2412                               0x08004810   Data        4560  tft.o(.constdata)
    tfont12                                  0x080059e0   Data         338  tft.o(.constdata)
    tfont16                                  0x08005b32   Data         306  tft.o(.constdata)
    tfont24                                  0x08005c64   Data         370  tft.o(.constdata)
    Region$$Table$$Base                      0x08005dd8   Number         0  anon$$obj.o(Region$$Table)
    Region$$Table$$Limit                     0x08005df8   Number         0  anon$$obj.o(Region$$Table)
    SystemCoreClock                          0x20000000   Data           4  system_stm32f10x.o(.data)
    AHBPrescTable                            0x20000004   Data          16  system_stm32f10x.o(.data)
    TIM_ICUserValueStructure                 0x2000001c   Data           6  freq.o(.data)
    readvalue1                               0x20000022   Data           2  freq.o(.data)
    readvalue2                               0x20000024   Data           2  freq.o(.data)
    ccnumber                                 0x20000026   Data           2  freq.o(.data)
    count                                    0x20000028   Data           4  freq.o(.data)
    freq                                     0x2000002c   Data           4  freq.o(.data)
    oscilloscope                             0x20000030   Data        1224  main.o(.bss)
    adc_value                                0x200004f8   Data         600  adc.o(.bss)
    __initial_sp                             0x20000b50   Data           0  startup_stm32f10x_md.o(STACK)



==============================================================================

Memory Map of the image

  Image Entry point : 0x080000ed

  Load Region LR_IROM1 (Base: 0x08000000, Size: 0x00005e28, Max: 0x00010000, ABSOLUTE)

    Execution Region ER_IROM1 (Base: 0x08000000, Size: 0x00005df8, Max: 0x00010000, ABSOLUTE)

    Base Addr    Size         Type   Attr      Idx    E Section Name        Object

    0x08000000   0x000000ec   Data   RO            3    RESET               startup_stm32f10x_md.o
    0x080000ec   0x00000000   Code   RO         3635  * .ARM.Collect$$$$00000000  mc_w.l(entry.o)
    0x080000ec   0x00000004   Code   RO         3931    .ARM.Collect$$$$00000001  mc_w.l(entry2.o)
    0x080000f0   0x00000004   Code   RO         3934    .ARM.Collect$$$$00000004  mc_w.l(entry5.o)
    0x080000f4   0x00000000   Code   RO         3936    .ARM.Collect$$$$00000008  mc_w.l(entry7b.o)
    0x080000f4   0x00000000   Code   RO         3938    .ARM.Collect$$$$0000000A  mc_w.l(entry8b.o)
    0x080000f4   0x00000008   Code   RO         3939    .ARM.Collect$$$$0000000B  mc_w.l(entry9a.o)
    0x080000fc   0x00000000   Code   RO         3941    .ARM.Collect$$$$0000000D  mc_w.l(entry10a.o)
    0x080000fc   0x00000000   Code   RO         3943    .ARM.Collect$$$$0000000F  mc_w.l(entry11a.o)
    0x080000fc   0x00000004   Code   RO         3932    .ARM.Collect$$$$00002712  mc_w.l(entry2.o)
    0x08000100   0x00000024   Code   RO            4    .text               startup_stm32f10x_md.o
    0x08000124   0x00000024   Code   RO         3638    .text               mc_w.l(memseta.o)
    0x08000148   0x000000b0   Code   RO         3901    .text               mf_w.l(fadd.o)
    0x080001f8   0x00000064   Code   RO         3903    .text               mf_w.l(fmul.o)
    0x0800025c   0x0000007c   Code   RO         3905    .text               mf_w.l(fdiv.o)
    0x080002d8   0x0000014e   Code   RO         3907    .text               mf_w.l(dadd.o)
    0x08000426   0x000000de   Code   RO         3909    .text               mf_w.l(ddiv.o)
    0x08000504   0x00000012   Code   RO         3911    .text               mf_w.l(fflti.o)
    0x08000516   0x0000000a   Code   RO         3913    .text               mf_w.l(ffltui.o)
    0x08000520   0x00000032   Code   RO         3915    .text               mf_w.l(ffixi.o)
    0x08000552   0x00000028   Code   RO         3917    .text               mf_w.l(ffixui.o)
    0x0800057a   0x00000026   Code   RO         3919    .text               mf_w.l(f2d.o)
    0x080005a0   0x00000030   Code   RO         3921    .text               mf_w.l(cdcmple.o)
    0x080005d0   0x00000030   Code   RO         3923    .text               mf_w.l(cdrcmple.o)
    0x08000600   0x00000038   Code   RO         3925    .text               mf_w.l(d2f.o)
    0x08000638   0x00000014   Code   RO         3927    .text               mf_w.l(cfcmple.o)
    0x0800064c   0x00000014   Code   RO         3929    .text               mf_w.l(cfrcmple.o)
    0x08000660   0x0000002c   Code   RO         3948    .text               mc_w.l(uidiv.o)
    0x0800068c   0x00000062   Code   RO         3950    .text               mc_w.l(uldiv.o)
    0x080006ee   0x0000001e   Code   RO         3952    .text               mc_w.l(llshl.o)
    0x0800070c   0x00000024   Code   RO         3954    .text               mc_w.l(llsshr.o)
    0x08000730   0x00000000   Code   RO         3956    .text               mc_w.l(iusefp.o)
    0x08000730   0x0000006e   Code   RO         3957    .text               mf_w.l(fepilogue.o)
    0x0800079e   0x000000ba   Code   RO         3959    .text               mf_w.l(depilogue.o)
    0x08000858   0x000000e4   Code   RO         3961    .text               mf_w.l(dmul.o)
    0x0800093c   0x00000030   Code   RO         3963    .text               mf_w.l(dfixul.o)
    0x0800096c   0x00000024   Code   RO         3965    .text               mc_w.l(init.o)
    0x08000990   0x00000020   Code   RO         3968    .text               mc_w.l(llushr.o)
    0x080009b0   0x00000016   Code   RO          183    i.ADC_Cmd           stm32f10x_adc.o
    0x080009c6   0x00000016   Code   RO          184    i.ADC_DMACmd        stm32f10x_adc.o
    0x080009dc   0x00000070   Code   RO         3405    i.ADC_DMA_Init      adc.o
    0x08000a4c   0x00000028   Code   RO         3406    i.ADC_DMA_NVIC_Config  adc.o
    0x08000a74   0x00000014   Code   RO         3407    i.ADC_DMA_Start     adc.o
    0x08000a88   0x00000014   Code   RO          191    i.ADC_GetCalibrationStatus  stm32f10x_adc.o
    0x08000a9c   0x00000014   Code   RO          197    i.ADC_GetResetCalibrationStatus  stm32f10x_adc.o
    0x08000ab0   0x00000050   Code   RO          201    i.ADC_Init          stm32f10x_adc.o
    0x08000b00   0x000000b8   Code   RO          205    i.ADC_RegularChannelConfig  stm32f10x_adc.o
    0x08000bb8   0x0000000a   Code   RO          206    i.ADC_ResetCalibration  stm32f10x_adc.o
    0x08000bc2   0x00000016   Code   RO          208    i.ADC_SoftwareStartConvCmd  stm32f10x_adc.o
    0x08000bd8   0x0000000a   Code   RO          210    i.ADC_StartCalibration  stm32f10x_adc.o
    0x08000be2   0x00000002   PAD
    0x08000be4   0x00000024   Code   RO         3408    i.ADCx_GPIO_Config  adc.o
    0x08000c08   0x00000094   Code   RO         3409    i.ADCx_Mode_Config  adc.o
    0x08000c9c   0x00000004   Code   RO         3167    i.BusFault_Handler  stm32f10x_it.o
    0x08000ca0   0x00000030   Code   RO         3381    i.CLose_LED         led.o
    0x08000cd0   0x0000002c   Code   RO         3410    i.DMA1_Channel1_IRQHandler  adc.o
    0x08000cfc   0x0000001c   Code   RO          867    i.DMA_ClearITPendingBit  stm32f10x_dma.o
    0x08000d18   0x00000018   Code   RO          868    i.DMA_Cmd           stm32f10x_dma.o
    0x08000d30   0x0000014c   Code   RO          869    i.DMA_DeInit        stm32f10x_dma.o
    0x08000e7c   0x0000002c   Code   RO          872    i.DMA_GetITStatus   stm32f10x_dma.o
    0x08000ea8   0x00000012   Code   RO          873    i.DMA_ITConfig      stm32f10x_dma.o
    0x08000eba   0x0000003c   Code   RO          874    i.DMA_Init          stm32f10x_dma.o
    0x08000ef6   0x00000002   Code   RO         3168    i.DebugMon_Handler  stm32f10x_it.o
    0x08000ef8   0x0000008c   Code   RO         3482    i.EXTI15_10_IRQHandler  key.o
    0x08000f84   0x00000098   Code   RO         3483    i.EXTI4_IRQHandler  key.o
    0x0800101c   0x00000038   Code   RO         3484    i.EXTI9_5_IRQHandler  key.o
    0x08001054   0x0000000c   Code   RO          938    i.EXTI_ClearFlag    stm32f10x_exti.o
    0x08001060   0x00000028   Code   RO          943    i.EXTI_GetITStatus  stm32f10x_exti.o
    0x08001088   0x00000094   Code   RO          944    i.EXTI_Init         stm32f10x_exti.o
    0x0800111c   0x0000002c   Code   RO         3453    i.GENERAL_TIM_GPIO_Config  timer.o
    0x08001148   0x0000002c   Code   RO         3532    i.GENERAL_TIM_GPIO_Config  freq.o
    0x08001174   0x0000002a   Code   RO         3533    i.GENERAL_TIM_NVIC_Config  freq.o
    0x0800119e   0x00000002   PAD
    0x080011a0   0x00000040   Code   RO         1289    i.GPIO_EXTILineConfig  stm32f10x_gpio.o
    0x080011e0   0x00000116   Code   RO         1292    i.GPIO_Init         stm32f10x_gpio.o
    0x080012f6   0x00000002   PAD
    0x080012f8   0x00000090   Code   RO         1294    i.GPIO_PinRemapConfig  stm32f10x_gpio.o
    0x08001388   0x00000012   Code   RO         1296    i.GPIO_ReadInputDataBit  stm32f10x_gpio.o
    0x0800139a   0x00000004   Code   RO         1299    i.GPIO_ResetBits    stm32f10x_gpio.o
    0x0800139e   0x00000004   Code   RO         1300    i.GPIO_SetBits      stm32f10x_gpio.o
    0x080013a2   0x00000002   PAD
    0x080013a4   0x00000020   Code   RO         3411    i.Get_ADC_Value     adc.o
    0x080013c4   0x00000004   Code   RO         3169    i.HardFault_Handler  stm32f10x_it.o
    0x080013c8   0x000000b8   Code   RO         3485    i.Init_EC11_GPIO    key.o
    0x08001480   0x0000007c   Code   RO         3534    i.Init_FreqTimer    freq.o
    0x080014fc   0x000000f0   Code   RO         3486    i.Init_Key_GPIO     key.o
    0x080015ec   0x00000038   Code   RO         3382    i.Init_LED_GPIO     led.o
    0x08001624   0x00000024   Code   RO         3108    i.Init_Oscilloscope  main.o
    0x08001648   0x00000066   Code   RO         3454    i.Init_PWM_Output   timer.o
    0x080016ae   0x00000002   PAD
    0x080016b0   0x000000f4   Code   RO         3330    i.Init_SPI0_GPIO    tft_init.o
    0x080017a4   0x000001a4   Code   RO         3487    i.Key_Handle        key.o
    0x08001948   0x00000004   Code   RO         3170    i.MemManage_Handler  stm32f10x_it.o
    0x0800194c   0x00000002   Code   RO         3171    i.NMI_Handler       stm32f10x_it.o
    0x0800194e   0x00000056   Code   RO         3488    i.NVIC_Configuration  key.o
    0x080019a4   0x00000070   Code   RO          137    i.NVIC_Init         misc.o
    0x08001a14   0x00000014   Code   RO          138    i.NVIC_PriorityGroupConfig  misc.o
    0x08001a28   0x00000002   Code   RO         3172    i.PendSV_Handler    stm32f10x_it.o
    0x08001a2a   0x00000002   PAD
    0x08001a2c   0x00000018   Code   RO         1706    i.RCC_ADCCLKConfig  stm32f10x_rcc.o
    0x08001a44   0x00000020   Code   RO         1707    i.RCC_AHBPeriphClockCmd  stm32f10x_rcc.o
    0x08001a64   0x00000020   Code   RO         1708    i.RCC_APB1PeriphClockCmd  stm32f10x_rcc.o
    0x08001a84   0x00000020   Code   RO         1710    i.RCC_APB2PeriphClockCmd  stm32f10x_rcc.o
    0x08001aa4   0x00000028   Code   RO         3331    i.SPI0_Write        tft_init.o
    0x08001acc   0x00000018   Code   RO         2187    i.SPI_Cmd           stm32f10x_spi.o
    0x08001ae4   0x00000012   Code   RO         2195    i.SPI_I2S_GetFlagStatus  stm32f10x_spi.o
    0x08001af6   0x0000003c   Code   RO         2200    i.SPI_Init          stm32f10x_spi.o
    0x08001b32   0x00000002   Code   RO         3173    i.SVC_Handler       stm32f10x_it.o
    0x08001b34   0x00000008   Code   RO           24    i.SetSysClock       system_stm32f10x.o
    0x08001b3c   0x000000e0   Code   RO           25    i.SetSysClockTo72   system_stm32f10x.o
    0x08001c1c   0x00000010   Code   RO         3455    i.Set_Output_Freq   timer.o
    0x08001c2c   0x00000010   Code   RO         3456    i.Set_Output_PWMComparex  timer.o
    0x08001c3c   0x00000054   Code   RO         3589    i.SysTick_Config    systick.o
    0x08001c90   0x00000002   Code   RO         3174    i.SysTick_Handler   stm32f10x_it.o
    0x08001c92   0x00000002   PAD
    0x08001c94   0x00000024   Code   RO         3592    i.SysTick_Init      systick.o
    0x08001cb8   0x00000060   Code   RO           27    i.SystemInit        system_stm32f10x.o
    0x08001d18   0x0000003a   Code   RO         3332    i.TFT_Address_Set   tft_init.o
    0x08001d52   0x000000e2   Code   RO         3231    i.TFT_DrawLine      tft.o
    0x08001e34   0x0000001c   Code   RO         3232    i.TFT_DrawPoint     tft.o
    0x08001e50   0x00000050   Code   RO         3234    i.TFT_Fill          tft.o
    0x08001ea0   0x00000070   Code   RO         3333    i.TFT_GPIO_Init     tft_init.o
    0x08001f10   0x00000200   Code   RO         3334    i.TFT_Init          tft_init.o
    0x08002110   0x0000013c   Code   RO         3235    i.TFT_ShowChar      tft.o
    0x0800224c   0x0000006e   Code   RO         3236    i.TFT_ShowChinese   tft.o
    0x080022ba   0x00000002   PAD
    0x080022bc   0x00000150   Code   RO         3237    i.TFT_ShowChinese12x12  tft.o
    0x0800240c   0x00000140   Code   RO         3238    i.TFT_ShowChinese16x16  tft.o
    0x0800254c   0x00000150   Code   RO         3239    i.TFT_ShowChinese24x24  tft.o
    0x0800269c   0x00000042   Code   RO         3240    i.TFT_ShowString    tft.o
    0x080026de   0x00000002   PAD
    0x080026e0   0x00000224   Code   RO         3241    i.TFT_ShowUI        tft.o
    0x08002904   0x0000028c   Code   RO         3242    i.TFT_StaticUI      tft.o
    0x08002b90   0x00000028   Code   RO         3335    i.TFT_WR_DATA       tft_init.o
    0x08002bb8   0x00000020   Code   RO         3336    i.TFT_WR_DATA8      tft_init.o
    0x08002bd8   0x00000030   Code   RO         3337    i.TFT_WR_REG        tft_init.o
    0x08002c08   0x00000080   Code   RO         2326    i.TI1_Config        stm32f10x_tim.o
    0x08002c88   0x00000098   Code   RO         2327    i.TI2_Config        stm32f10x_tim.o
    0x08002d20   0x00000090   Code   RO         2328    i.TI3_Config        stm32f10x_tim.o
    0x08002db0   0x00000098   Code   RO         2329    i.TI4_Config        stm32f10x_tim.o
    0x08002e48   0x000000a4   Code   RO         3535    i.TIM3_IRQHandler   freq.o
    0x08002eec   0x00000006   Code   RO         2336    i.TIM_ClearFlag     stm32f10x_tim.o
    0x08002ef2   0x00000006   Code   RO         2337    i.TIM_ClearITPendingBit  stm32f10x_tim.o
    0x08002ef8   0x00000018   Code   RO         2342    i.TIM_Cmd           stm32f10x_tim.o
    0x08002f10   0x00000006   Code   RO         2357    i.TIM_GetCapture1   stm32f10x_tim.o
    0x08002f16   0x00000022   Code   RO         2363    i.TIM_GetITStatus   stm32f10x_tim.o
    0x08002f38   0x000000ac   Code   RO         2365    i.TIM_ICInit        stm32f10x_tim.o
    0x08002fe4   0x00000012   Code   RO         2367    i.TIM_ITConfig      stm32f10x_tim.o
    0x08002ff6   0x00000002   PAD
    0x08002ff8   0x000000a0   Code   RO         2381    i.TIM_OC3Init       stm32f10x_tim.o
    0x08003098   0x00000012   Code   RO         2384    i.TIM_OC3PreloadConfig  stm32f10x_tim.o
    0x080030aa   0x00000004   Code   RO         2401    i.TIM_SetAutoreload  stm32f10x_tim.o
    0x080030ae   0x00000004   Code   RO         2405    i.TIM_SetCompare3   stm32f10x_tim.o
    0x080030b2   0x00000004   Code   RO         2407    i.TIM_SetCounter    stm32f10x_tim.o
    0x080030b6   0x00000012   Code   RO         2408    i.TIM_SetIC1Prescaler  stm32f10x_tim.o
    0x080030c8   0x0000001a   Code   RO         2409    i.TIM_SetIC2Prescaler  stm32f10x_tim.o
    0x080030e2   0x00000012   Code   RO         2410    i.TIM_SetIC3Prescaler  stm32f10x_tim.o
    0x080030f4   0x0000001a   Code   RO         2411    i.TIM_SetIC4Prescaler  stm32f10x_tim.o
    0x0800310e   0x00000002   PAD
    0x08003110   0x000000a4   Code   RO         2413    i.TIM_TimeBaseInit  stm32f10x_tim.o
    0x080031b4   0x00000004   Code   RO         3175    i.UsageFault_Handler  stm32f10x_it.o
    0x080031b8   0x00000028   Code   RO         3875    i.__0sprintf        mc_w.l(printfa.o)
    0x080031e0   0x0000000e   Code   RO         3973    i.__scatterload_copy  mc_w.l(handlers.o)
    0x080031ee   0x00000002   Code   RO         3974    i.__scatterload_null  mc_w.l(handlers.o)
    0x080031f0   0x0000000e   Code   RO         3975    i.__scatterload_zeroinit  mc_w.l(handlers.o)
    0x080031fe   0x00000002   PAD
    0x08003200   0x00000164   Code   RO         3880    i._fp_digits        mc_w.l(printfa.o)
    0x08003364   0x000006dc   Code   RO         3881    i._printf_core      mc_w.l(printfa.o)
    0x08003a40   0x00000024   Code   RO         3882    i._printf_post_padding  mc_w.l(printfa.o)
    0x08003a64   0x0000002e   Code   RO         3883    i._printf_pre_padding  mc_w.l(printfa.o)
    0x08003a92   0x0000000a   Code   RO         3885    i._sputc            mc_w.l(printfa.o)
    0x08003a9c   0x00000038   Code   RO         3570    i.delay_ms          delay.o
    0x08003ad4   0x00000084   Code   RO         3243    i.drawCurve         tft.o
    0x08003b58   0x00000254   Code   RO         3109    i.main              main.o
    0x08003dac   0x0000202a   Data   RO         3244    .constdata          tft.o
    0x08005dd6   0x00000002   PAD
    0x08005dd8   0x00000020   Data   RO         3971    Region$$Table       anon$$obj.o


    Execution Region RW_IRAM1 (Base: 0x20000000, Size: 0x00000b50, Max: 0x00005000, ABSOLUTE)

    Base Addr    Size         Type   Attr      Idx    E Section Name        Object

    0x20000000   0x00000014   Data   RW           28    .data               system_stm32f10x.o
    0x20000014   0x00000005   Data   RW         3245    .data               tft.o
    0x20000019   0x00000003   Data   RW         3489    .data               key.o
    0x2000001c   0x00000014   Data   RW         3536    .data               freq.o
    0x20000030   0x000004c8   Zero   RW         3110    .bss                main.o
    0x200004f8   0x00000258   Zero   RW         3412    .bss                adc.o
    0x20000750   0x00000400   Zero   RW            1    STACK               startup_stm32f10x_md.o


==============================================================================

Image component sizes


      Code (inc. data)   RO Data    RW Data    ZI Data      Debug   Object Name

       432         36          0          0        600       4034   adc.o
         0          0          0          0          0       4496   core_cm3.o
        56          0          0          0          0        495   delay.o
       374         24          0         20          0       4035   freq.o
      1278         84          0          3          0       4704   key.o
       104          8          0          0          0        984   led.o
       632         32          0          0       1224       2622   main.o
       132         22          0          0          0       1647   misc.o
        36          8        236          0       1024        852   startup_stm32f10x_md.o
       390         10          0          0          0       7689   stm32f10x_adc.o
       506         26          0          0          0       5371   stm32f10x_dma.o
       200         18          0          0          0       2232   stm32f10x_exti.o
       512         10          0          0          0       5324   stm32f10x_gpio.o
        26          0          0          0          0       3774   stm32f10x_it.o
       120         24          0          0          0       2373   stm32f10x_rcc.o
       102          0          0          0          0       2897   stm32f10x_spi.o
      1284        160          0          0          0      14101   stm32f10x_tim.o
       328         28          0         20          0     262625   system_stm32f10x.o
       120         18          0          0          0      16102   systick.o
      3150        220       8234          5          0      11308   tft.o
      1086         42          0          0          0       4495   tft_init.o
       178          6          0          0          0       2141   timer.o

    ----------------------------------------------------------------------
     11068        776       8504         48       2848     364301   Object Totals
         0          0         32          0          0          0   (incl. Generated)
        22          0          2          0          0          0   (incl. Padding)

    ----------------------------------------------------------------------

      Code (inc. data)   RO Data    RW Data    ZI Data      Debug   Library Member Name

         0          0          0          0          0          0   entry.o
         0          0          0          0          0          0   entry10a.o
         0          0          0          0          0          0   entry11a.o
         8          4          0          0          0          0   entry2.o
         4          0          0          0          0          0   entry5.o
         0          0          0          0          0          0   entry7b.o
         0          0          0          0          0          0   entry8b.o
         8          4          0          0          0          0   entry9a.o
        30          0          0          0          0          0   handlers.o
        36          8          0          0          0         68   init.o
         0          0          0          0          0          0   iusefp.o
        30          0          0          0          0         68   llshl.o
        36          0          0          0          0         68   llsshr.o
        32          0          0          0          0         68   llushr.o
        36          0          0          0          0        108   memseta.o
      2244         86          0          0          0        512   printfa.o
        44          0          0          0          0         80   uidiv.o
        98          0          0          0          0         92   uldiv.o
        48          0          0          0          0         68   cdcmple.o
        48          0          0          0          0         68   cdrcmple.o
        20          0          0          0          0         68   cfcmple.o
        20          0          0          0          0         68   cfrcmple.o
        56          0          0          0          0         88   d2f.o
       334          0          0          0          0        148   dadd.o
       222          0          0          0          0        100   ddiv.o
       186          0          0          0          0        176   depilogue.o
        48          0          0          0          0         68   dfixul.o
       228          0          0          0          0         96   dmul.o
        38          0          0          0          0         68   f2d.o
       176          0          0          0          0        140   fadd.o
       124          0          0          0          0         88   fdiv.o
       110          0          0          0          0        168   fepilogue.o
        50          0          0          0          0         68   ffixi.o
        40          0          0          0          0         68   ffixui.o
        18          0          0          0          0         68   fflti.o
        10          0          0          0          0         68   ffltui.o
       100          0          0          0          0         76   fmul.o

    ----------------------------------------------------------------------
      4484        102          0          0          0       2824   Library Totals
         2          0          0          0          0          0   (incl. Padding)

    ----------------------------------------------------------------------

      Code (inc. data)   RO Data    RW Data    ZI Data      Debug   Library Name

      2606        102          0          0          0       1064   mc_w.l
      1876          0          0          0          0       1760   mf_w.l

    ----------------------------------------------------------------------
      4484        102          0          0          0       2824   Library Totals

    ----------------------------------------------------------------------

==============================================================================


      Code (inc. data)   RO Data    RW Data    ZI Data      Debug   

     15552        878       8504         48       2848     359945   Grand Totals
     15552        878       8504         48       2848     359945   ELF Image Totals
     15552        878       8504         48          0          0   ROM Totals

==============================================================================

    Total RO  Size (Code + RO Data)                24056 (  23.49kB)
    Total RW  Size (RW Data + ZI Data)              2896 (   2.83kB)
    Total ROM Size (Code + RO Data + RW Data)      24104 (  23.54kB)

==============================================================================

